Archive member included to satisfy reference by file (symbol)

app/libapp.a(main.c.obj)      (--whole-archive)
zephyr/libzephyr.a(cbprintf_packaged.c.obj)
                              (--whole-archive)
zephyr/libzephyr.a(dec.c.obj)
                              (--whole-archive)
zephyr/libzephyr.a(fdtable.c.obj)
                              (--whole-archive)
zephyr/libzephyr.a(hex.c.obj)
                              (--whole-archive)
zephyr/libzephyr.a(printk.c.obj)
                              (--whole-archive)
zephyr/libzephyr.a(rb.c.obj)  (--whole-archive)
zephyr/libzephyr.a(sem.c.obj)
                              (--whole-archive)
zephyr/libzephyr.a(thread_entry.c.obj)
                              (--whole-archive)
zephyr/libzephyr.a(timeutil.c.obj)
                              (--whole-archive)
zephyr/libzephyr.a(heap.c.obj)
                              (--whole-archive)
zephyr/libzephyr.a(heap-validate.c.obj)
                              (--whole-archive)
zephyr/libzephyr.a(bitarray.c.obj)
                              (--whole-archive)
zephyr/libzephyr.a(multi_heap.c.obj)
                              (--whole-archive)
zephyr/libzephyr.a(onoff.c.obj)
                              (--whole-archive)
zephyr/libzephyr.a(notify.c.obj)
                              (--whole-archive)
zephyr/libzephyr.a(crc32c_sw.c.obj)
                              (--whole-archive)
zephyr/libzephyr.a(crc32_sw.c.obj)
                              (--whole-archive)
zephyr/libzephyr.a(crc16_sw.c.obj)
                              (--whole-archive)
zephyr/libzephyr.a(crc8_sw.c.obj)
                              (--whole-archive)
zephyr/libzephyr.a(crc7_sw.c.obj)
                              (--whole-archive)
zephyr/libzephyr.a(cbprintf_complete.c.obj)
                              (--whole-archive)
zephyr/libzephyr.a(cbprintf.c.obj)
                              (--whole-archive)
zephyr/libzephyr.a(ring_buffer.c.obj)
                              (--whole-archive)
zephyr/libzephyr.a(assert.c.obj)
                              (--whole-archive)
zephyr/libzephyr.a(mpsc_pbuf.c.obj)
                              (--whole-archive)
zephyr/libzephyr.a(reboot.c.obj)
                              (--whole-archive)
zephyr/libzephyr.a(configs.c.obj)
                              (--whole-archive)
zephyr/libzephyr.a(soc_nrf_common.S.obj)
                              (--whole-archive)
zephyr/libzephyr.a(validate_base_addresses.c.obj)
                              (--whole-archive)
zephyr/libzephyr.a(validate_enabled_instances.c.obj)
                              (--whole-archive)
zephyr/libzephyr.a(thread_info.c.obj)
                              (--whole-archive)
zephyr/libzephyr.a(log_core.c.obj)
                              (--whole-archive)
zephyr/libzephyr.a(log_mgmt.c.obj)
                              (--whole-archive)
zephyr/libzephyr.a(log_cache.c.obj)
                              (--whole-archive)
zephyr/libzephyr.a(log_msg.c.obj)
                              (--whole-archive)
zephyr/libzephyr.a(log_output.c.obj)
                              (--whole-archive)
zephyr/libzephyr.a(log_backend_rtt.c.obj)
                              (--whole-archive)
zephyr/libzephyr.a(log_backend_uart.c.obj)
                              (--whole-archive)
zephyr/libzephyr.a(pm.c.obj)  (--whole-archive)
zephyr/libzephyr.a(policy.c.obj)
                              (--whole-archive)
zephyr/libzephyr.a(state.c.obj)
                              (--whole-archive)
zephyr/libzephyr.a(tracing_none.c.obj)
                              (--whole-archive)
zephyr/libzephyr.a(usb_device.c.obj)
                              (--whole-archive)
zephyr/libzephyr.a(usb_descriptor.c.obj)
                              (--whole-archive)
zephyr/libzephyr.a(usb_transfer.c.obj)
                              (--whole-archive)
zephyr/libzephyr.a(cdc_acm.c.obj)
                              (--whole-archive)
zephyr/libzephyr.a(usb_work_q.c.obj)
                              (--whole-archive)
zephyr/arch/common/libarch__common.a(sw_isr_common.c.obj)
                              (--whole-archive)
zephyr/arch/arch/arm/core/aarch32/libarch__arm__core__aarch32.a(cpu_idle.S.obj)
                              (--whole-archive)
zephyr/arch/arch/arm/core/aarch32/libarch__arm__core__aarch32.a(fatal.c.obj)
                              (--whole-archive)
zephyr/arch/arch/arm/core/aarch32/libarch__arm__core__aarch32.a(irq_manage.c.obj)
                              (--whole-archive)
zephyr/arch/arch/arm/core/aarch32/libarch__arm__core__aarch32.a(nmi.c.obj)
                              (--whole-archive)
zephyr/arch/arch/arm/core/aarch32/libarch__arm__core__aarch32.a(nmi_on_reset.S.obj)
                              (--whole-archive)
zephyr/arch/arch/arm/core/aarch32/libarch__arm__core__aarch32.a(prep_c.c.obj)
                              (--whole-archive)
zephyr/arch/arch/arm/core/aarch32/libarch__arm__core__aarch32.a(swap.c.obj)
[...]
Memory Configuration

Name             Origin             Length             Attributes
FLASH            0x0000000000000000 0x0000000000080000 xr
RAM              0x0000000020000000 0x0000000000020000 xw
IDT_LIST         0x00000000fffff7ff 0x0000000000000800 xw
*default*        0x0000000000000000 0xffffffffffffffff

Linker script and memory map

LOAD zephyr/CMakeFiles/zephyr_final.dir/misc/empty_file.c.obj
LOAD zephyr/CMakeFiles/zephyr_final.dir/dev_handles.c.obj
LOAD zephyr/CMakeFiles/zephyr_final.dir/isr_tables.c.obj
LOAD app/libapp.a
LOAD zephyr/libzephyr.a
LOAD zephyr/arch/common/libarch__common.a
LOAD zephyr/arch/arch/arm/core/aarch32/libarch__arm__core__aarch32.a
LOAD zephyr/arch/arch/arm/core/aarch32/cortex_m/libarch__arm__core__aarch32__cortex_m.a
LOAD zephyr/arch/arch/arm/core/aarch32/mpu/libarch__arm__core__aarch32__mpu.a
LOAD zephyr/lib/libc/minimal/liblib__libc__minimal.a
LOAD zephyr/soc/arm/common/cortex_m/libsoc__arm__common__cortex_m.a
LOAD zephyr/soc/arm/nordic_nrf/nrf52/libsoc__arm__nordic_nrf__nrf52.a
LOAD zephyr/drivers/usb/device/libdrivers__usb__device.a
LOAD zephyr/drivers/clock_control/libdrivers__clock_control.a
LOAD zephyr/drivers/console/libdrivers__console.a
LOAD zephyr/drivers/gpio/libdrivers__gpio.a
LOAD zephyr/drivers/hwinfo/libdrivers__hwinfo.a
LOAD zephyr/drivers/pinctrl/libdrivers__pinctrl.a
LOAD zephyr/drivers/serial/libdrivers__serial.a
LOAD zephyr/drivers/timer/libdrivers__timer.a
LOAD modules/nrf/lib/fatal_error/lib..__nrf__lib__fatal_error.a
LOAD modules/hal_nordic/nrfx/libmodules__hal_nordic__nrfx.a
LOAD modules/segger/libmodules__segger.a
LOAD zephyr/kernel/libkernel.a
LOAD zephyr/CMakeFiles/offsets.dir/./arch/arm/core/offsets/offsets.c.obj
LOAD c:/ncs/toolchains/31f4403e35/opt/zephyr-sdk/arm-zephyr-eabi/bin/../lib/gcc/arm-zephyr-eabi/12.2.0/thumb/v7e-m/nofp\libgcc.a
LOAD zephyr/arch/common/libisr_tables.a
                0x0000000000000020                _region_min_align = 0x20

.rel.plt        0x0000000000000000        0x0
 *(SORT_BY_ALIGNMENT(.rel.plt))
                [!provide]                        PROVIDE (__rel_iplt_start = .)
 *(SORT_BY_ALIGNMENT(.rel.iplt))
 .rel.iplt      0x0000000000000000        0x0 zephyr/CMakeFiles/zephyr_final.dir/isr_tables.c.obj
                [!provide]                        PROVIDE (__rel_iplt_end = .)

.rela.plt       0x0000000000000000        0x0
 *(SORT_BY_ALIGNMENT(.rela.plt))
                [!provide]                        PROVIDE (__rela_iplt_start = .)
 *(SORT_BY_ALIGNMENT(.rela.iplt))
                [!provide]                        PROVIDE (__rela_iplt_end = .)

.rel.dyn
 *(SORT_BY_ALIGNMENT(.rel.*))

.rela.dyn
 *(SORT_BY_ALIGNMENT(.rela.*))

/DISCARD/
 *(SORT_BY_ALIGNMENT(.plt))

/DISCARD/
 *(SORT_BY_ALIGNMENT(.iplt))
                0x0000000000000000                __rom_region_start = 0x0

rom_start       0x0000000000000000      0x100
                0x0000000000000000                . = 0x0
                0x0000000000000000                . = ALIGN (0x4)
                0x0000000000000000                . = ALIGN (0x80)
                0x0000000000000000                . = ALIGN (0x100)
                0x0000000000000000                _vector_start = .
 *(SORT_BY_ALIGNMENT(.exc_vector_table))
 *(SORT_BY_ALIGNMENT(.exc_vector_table.*))
 .exc_vector_table._vector_table_section
                0x0000000000000000       0x40 zephyr/arch/arch/arm/core/aarch32/cortex_m/libarch__arm__core__aarch32__cortex_m.a(vector_table.S.obj)
                0x0000000000000000                _vector_table
 *(SORT_BY_ALIGNMENT(.vectors))
                0x0000000000000100                _vector_end = .
                0x0000000000000040                . = ALIGN (0x4)
 *(SORT_BY_ALIGNMENT(.gnu.linkonce.irq_vector_table*))
 .gnu.linkonce.irq_vector_table
                0x0000000000000040       0xc0 zephyr/CMakeFiles/zephyr_final.dir/isr_tables.c.obj
                0x0000000000000040                _irq_vector_table
                0x0000000000000100                _vector_end = .

text            0x0000000000000100     0xfa94
                0x0000000000000100                __text_region_start = .
 *(SORT_BY_ALIGNMENT(.text))
 .text          0x0000000000000100       0x30 c:/ncs/toolchains/31f4403e35/opt/zephyr-sdk/arm-zephyr-eabi/bin/../lib/gcc/arm-zephyr-eabi/12.2.0/thumb/v7e-m/nofp\libgcc.a(_aeabi_uldivmod.o)
                0x0000000000000100                __aeabi_uldivmod
 .text          0x0000000000000130        0x4 c:/ncs/toolchains/31f4403e35/opt/zephyr-sdk/arm-zephyr-eabi/bin/../lib/gcc/arm-zephyr-eabi/12.2.0/thumb/v7e-m/nofp\libgcc.a(_dvmd_tls.o)
                0x0000000000000130                __aeabi_idiv0
                0x0000000000000130                __aeabi_ldiv0
 .text          0x0000000000000134      0x2a0 c:/ncs/toolchains/31f4403e35/opt/zephyr-sdk/arm-zephyr-eabi/bin/../lib/gcc/arm-zephyr-eabi/12.2.0/thumb/v7e-m/nofp\libgcc.a(_udivmoddi4.o)
                0x0000000000000134                __udivmoddi4
 *(SORT_BY_ALIGNMENT(.text.*))
 .text.interrupt_handler
                0x00000000000003d4       0xfc app/libapp.a(main.c.obj)
 .text.main     0x00000000000004d0      0x104 app/libapp.a(main.c.obj)
                0x00000000000004d0                main
 .text.cbvprintf_package
                0x00000000000005d4      0x4a4 zephyr/libzephyr.a(cbprintf_packaged.c.obj)
                0x00000000000005d4                cbvprintf_package
 .text.cbprintf_package_convert
                0x0000000000000a78      0x4d0 zephyr/libzephyr.a(cbprintf_packaged.c.obj)
                0x0000000000000a78                cbprintf_package_convert
 .text.__printk_hook_install
                0x0000000000000f48        0xc zephyr/libzephyr.a(printk.c.obj)
                0x0000000000000f48                __printk_hook_install
 .text.vsnprintk
                0x0000000000000f54       0x30 zephyr/libzephyr.a(printk.c.obj)
                0x0000000000000f54                vsnprintk
 .text.process_event
                0x0000000000000f84      0x16c zephyr/libzephyr.a(onoff.c.obj)
 .text.extract_flags
                0x00000000000010f0       0xc4 zephyr/libzephyr.a(cbprintf_complete.c.obj)
 .text.z_cbvprintf_impl
                0x00000000000011b4      0x598 zephyr/libzephyr.a(cbprintf_complete.c.obj)
                0x00000000000011b4                z_cbvprintf_impl
 .text.z_arm_platform_init
                0x000000000000174c        0x4 zephyr/libzephyr.a(soc_nrf_common.S.obj)
                0x000000000000174c                z_arm_platform_init
 .text.msg_process
                0x0000000000001750       0x3c zephyr/libzephyr.a(log_core.c.obj)
 .text.log_backend_notify_all
                0x000000000000178c       0x30 zephyr/libzephyr.a(log_core.c.obj)
 .text.activate_foreach_backend
                0x00000000000017bc       0x64 zephyr/libzephyr.a(log_core.c.obj)
 .text.z_log_init
                0x0000000000001820       0x98 zephyr/libzephyr.a(log_core.c.obj)
 .text.thread_set
                0x00000000000018b8       0x28 zephyr/libzephyr.a(log_core.c.obj)
 .text.log_process_thread_timer_expiry_fn
                0x00000000000018e0       0x10 zephyr/libzephyr.a(log_core.c.obj)
 .text.enable_logger
                0x00000000000018f0       0x5c zephyr/libzephyr.a(log_core.c.obj)
 .text.log_format_func_t_get
                0x000000000000194c        0xc zephyr/libzephyr.a(log_core.c.obj)
                0x000000000000194c                log_format_func_t_get
 .text.log_set_timestamp_func
                0x0000000000001958       0x24 zephyr/libzephyr.a(log_core.c.obj)
                0x0000000000001958                log_set_timestamp_func
 .text.z_log_notify_backend_enabled
                0x000000000000197c       0x20 zephyr/libzephyr.a(log_core.c.obj)
                0x000000000000197c                z_log_notify_backend_enabled
 .text.z_log_dropped
                0x000000000000199c       0x40 zephyr/libzephyr.a(log_core.c.obj)
                0x000000000000199c                z_log_dropped
 .text.z_log_dropped_read_and_clear
                0x00000000000019dc       0x20 zephyr/libzephyr.a(log_core.c.obj)
                0x00000000000019dc                z_log_dropped_read_and_clear
 .text.dropped_notify
                0x00000000000019fc       0x38 zephyr/libzephyr.a(log_core.c.obj)
                0x00000000000019fc                dropped_notify
 .text.z_log_dropped_pending
                0x0000000000001a34       0x14 zephyr/libzephyr.a(log_core.c.obj)
                0x0000000000001a34                z_log_dropped_pending
 .text.z_log_msg_init
                0x0000000000001a48       0x20 zephyr/libzephyr.a(log_core.c.obj)
                0x0000000000001a48                z_log_msg_init
 .text.log_core_init
                0x0000000000001a68       0x30 zephyr/libzephyr.a(log_core.c.obj)
                0x0000000000001a68                log_core_init
 .text.z_log_msg_alloc
                0x0000000000001a98       0x10 zephyr/libzephyr.a(log_core.c.obj)
                0x0000000000001a98                z_log_msg_alloc
 .text.z_log_msg_local_claim
                0x0000000000001aa8       0x10 zephyr/libzephyr.a(log_core.c.obj)
                0x0000000000001aa8                z_log_msg_local_claim
 .text.z_log_msg_free
                0x0000000000001ab8       0x14 zephyr/libzephyr.a(log_core.c.obj)
                0x0000000000001ab8                z_log_msg_free
 .text.z_log_msg_pending
                0x0000000000001acc       0x10 zephyr/libzephyr.a(log_core.c.obj)
                0x0000000000001acc                z_log_msg_pending
 .text.z_impl_log_process
                0x0000000000001adc       0xbc zephyr/libzephyr.a(log_core.c.obj)
                0x0000000000001adc                z_impl_log_process
 .text.z_impl_log_panic
                0x0000000000001b98       0x4c zephyr/libzephyr.a(log_core.c.obj)
                0x0000000000001b98                z_impl_log_panic
 .text.z_log_msg_post_finalize
                0x0000000000001be4       0x88 zephyr/libzephyr.a(log_core.c.obj)
 .text.z_log_msg_commit
                0x0000000000001c6c       0x20 zephyr/libzephyr.a(log_core.c.obj)
                0x0000000000001c6c                z_log_msg_commit
 .text.log_process_thread_func
                0x0000000000001c8c       0x70 zephyr/libzephyr.a(log_core.c.obj)
 .text.log_src_cnt_get
                0x0000000000001cfc       0x14 zephyr/libzephyr.a(log_mgmt.c.obj)
                0x0000000000001cfc                log_src_cnt_get
 .text.log_source_name_get
                0x0000000000001d10       0x1c zephyr/libzephyr.a(log_mgmt.c.obj)
                0x0000000000001d10                log_source_name_get
 .text.log_backend_enable
                0x0000000000001d2c       0x2c zephyr/libzephyr.a(log_mgmt.c.obj)
                0x0000000000001d2c                log_backend_enable
 .text.cbprintf_package_copy
                0x0000000000001d58       0x30 zephyr/libzephyr.a(log_msg.c.obj)
 .text.z_impl_z_log_msg_static_create
                0x0000000000001d88      0x158 zephyr/libzephyr.a(log_msg.c.obj)
                0x0000000000001d88                z_impl_z_log_msg_static_create
 .text.print_formatted
                0x0000000000001ee0       0x28 zephyr/libzephyr.a(log_output.c.obj)
 .text.timestamp_print
                0x0000000000001f08       0x8c zephyr/libzephyr.a(log_output.c.obj)
 .text.color_print
                0x0000000000001f94       0x2c zephyr/libzephyr.a(log_output.c.obj)
 .text.ids_print
                0x0000000000001fc0       0x6c zephyr/libzephyr.a(log_output.c.obj)
 .text.prefix_print
                0x000000000000202c       0x74 zephyr/libzephyr.a(log_output.c.obj)
 .text.newline_print
                0x00000000000020a0       0x28 zephyr/libzephyr.a(log_output.c.obj)
 .text.hexdump_line_print
                0x00000000000020c8       0xbc zephyr/libzephyr.a(log_output.c.obj)
 .text.log_output_process
                0x0000000000002184       0x80 zephyr/libzephyr.a(log_output.c.obj)
                0x0000000000002184                log_output_process
 .text.log_output_msg_process
                0x0000000000002204       0x6c zephyr/libzephyr.a(log_output.c.obj)
                0x0000000000002204                log_output_msg_process
 .text.log_output_dropped_process
                0x0000000000002270       0x58 zephyr/libzephyr.a(log_output.c.obj)
                0x0000000000002270                log_output_dropped_process
 .text.log_output_timestamp_freq_set
                0x00000000000022c8       0x2c zephyr/libzephyr.a(log_output.c.obj)
                0x00000000000022c8                log_output_timestamp_freq_set
 .text.log_backend_rtt_init
                0x00000000000022f4       0x1c zephyr/libzephyr.a(log_backend_rtt.c.obj)
 .text.format_set
                0x0000000000002310        0xc zephyr/libzephyr.a(log_backend_rtt.c.obj)
 .text.on_failed_write
                0x000000000000231c       0x2c zephyr/libzephyr.a(log_backend_rtt.c.obj)
 .text.on_write
                0x0000000000002348       0x38 zephyr/libzephyr.a(log_backend_rtt.c.obj)
 .text.data_out_block_mode
                0x0000000000002380       0x70 zephyr/libzephyr.a(log_backend_rtt.c.obj)
 .text.panic    0x00000000000023f0       0x18 zephyr/libzephyr.a(log_backend_rtt.c.obj)
 .text.dropped  0x0000000000002408       0x10 zephyr/libzephyr.a(log_backend_rtt.c.obj)
 .text.process  0x0000000000002418       0x20 zephyr/libzephyr.a(log_backend_rtt.c.obj)
 .text.char_out
                0x0000000000002438       0x24 zephyr/libzephyr.a(log_backend_uart.c.obj)
 .text.format_set
                0x000000000000245c        0xc zephyr/libzephyr.a(log_backend_uart.c.obj)
 .text.panic    0x0000000000002468       0x18 zephyr/libzephyr.a(log_backend_uart.c.obj)
 .text.dropped  0x0000000000002480       0x10 zephyr/libzephyr.a(log_backend_uart.c.obj)
 .text.process  0x0000000000002490       0x20 zephyr/libzephyr.a(log_backend_uart.c.obj)
 .text.pm_state_notify
                0x00000000000024b0       0x5c zephyr/libzephyr.a(pm.c.obj)
 .text.pm_exit_pos_ops
                0x000000000000250c       0x20 zephyr/libzephyr.a(pm.c.obj)
 .text.pm_system_resume
                0x000000000000252c       0x48 zephyr/libzephyr.a(pm.c.obj)
                0x000000000000252c                pm_system_resume
 .text.pm_system_suspend
                0x0000000000002574      0x104 zephyr/libzephyr.a(pm.c.obj)
                0x0000000000002574                pm_system_suspend
 .text.pm_policy_next_state
                0x0000000000002678       0x98 zephyr/libzephyr.a(policy.c.obj)
                0x0000000000002678                pm_policy_next_state
 .text.pm_state_cpu_get_all
                0x0000000000002710       0x10 zephyr/libzephyr.a(state.c.obj)
                0x0000000000002710                pm_state_cpu_get_all
 .text.usb_set_alt_setting
                0x0000000000002720       0x18 zephyr/libzephyr.a(usb_device.c.obj)
 .text.usb_get_alt_setting
                0x0000000000002738       0x18 zephyr/libzephyr.a(usb_device.c.obj)
 .text.usb_handle_request
                0x0000000000002750       0x28 zephyr/libzephyr.a(usb_device.c.obj)
 .text.usb_register_request_handler
                0x0000000000002778       0x10 zephyr/libzephyr.a(usb_device.c.obj)
 .text.usb_register_descriptors
                0x0000000000002788        0xc zephyr/libzephyr.a(usb_device.c.obj)
 .text.usb_get_status
                0x0000000000002794       0x2c zephyr/libzephyr.a(usb_device.c.obj)
 .text.usb_get_descriptor
                0x00000000000027c0       0x64 zephyr/libzephyr.a(usb_device.c.obj)
 .text.usb_get_interface
                0x0000000000002824       0x40 zephyr/libzephyr.a(usb_device.c.obj)
 .text.is_device_configured
                0x0000000000002864       0x14 zephyr/libzephyr.a(usb_device.c.obj)
 .text.is_interface_valid
                0x0000000000002878       0x24 zephyr/libzephyr.a(usb_device.c.obj)
 .text.is_ep_valid
                0x000000000000289c       0x50 zephyr/libzephyr.a(usb_device.c.obj)
 .text.usb_register_custom_req_handler
                0x00000000000028ec        0xc zephyr/libzephyr.a(usb_device.c.obj)
 .text.usb_register_status_callback
                0x00000000000028f8        0xc zephyr/libzephyr.a(usb_device.c.obj)
 .text.foreach_ep
                0x0000000000002904       0x38 zephyr/libzephyr.a(usb_device.c.obj)
 .text.class_handler
                0x000000000000293c       0x40 zephyr/libzephyr.a(usb_device.c.obj)
 .text.custom_handler
                0x000000000000297c       0x5c zephyr/libzephyr.a(usb_device.c.obj)
 .text.vendor_handler
                0x00000000000029d8       0x3c zephyr/libzephyr.a(usb_device.c.obj)
 .text.get_ep_bm_from_addr
                0x0000000000002a14       0xac zephyr/libzephyr.a(usb_device.c.obj)
 .text.disable_interface_ep
                0x0000000000002ac0       0x28 zephyr/libzephyr.a(usb_device.c.obj)
 .text.disable_endpoint
                0x0000000000002ae8       0xb8 zephyr/libzephyr.a(usb_device.c.obj)
 .text.usb_halt_endpoint_req
                0x0000000000002ba0       0x60 zephyr/libzephyr.a(usb_device.c.obj)
 .text.set_endpoint
                0x0000000000002c00      0x178 zephyr/libzephyr.a(usb_device.c.obj)
 .text.usb_set_interface
                0x0000000000002d78       0x70 zephyr/libzephyr.a(usb_device.c.obj)
 .text.usb_reset_alt_setting
                0x0000000000002de8       0x14 zephyr/libzephyr.a(usb_device.c.obj)
 .text.usb_set_configuration
                0x0000000000002dfc       0x98 zephyr/libzephyr.a(usb_device.c.obj)
 .text.usb_handle_std_device_req
                0x0000000000002e94       0x94 zephyr/libzephyr.a(usb_device.c.obj)
 .text.forward_status_cb
                0x0000000000002f28       0x6c zephyr/libzephyr.a(usb_device.c.obj)
 .text.usb_handle_standard_request
                0x0000000000002f94       0x70 zephyr/libzephyr.a(usb_device.c.obj)
 .text.composite_setup_ep_cb
                0x0000000000003004       0x44 zephyr/libzephyr.a(usb_device.c.obj)
 .text.usb_data_to_host
                0x0000000000003048       0x58 zephyr/libzephyr.a(usb_device.c.obj)
 .text.usb_handle_control_transfer
                0x00000000000030a0      0x198 zephyr/libzephyr.a(usb_device.c.obj)
 .text.usb_set_config
                0x0000000000003238       0x38 zephyr/libzephyr.a(usb_device.c.obj)
                0x0000000000003238                usb_set_config
 .text.usb_device_init
                0x0000000000003270       0x7c zephyr/libzephyr.a(usb_device.c.obj)
 .text.usb_enable
                0x00000000000032ec       0xf8 zephyr/libzephyr.a(usb_device.c.obj)
                0x00000000000032ec                usb_enable
 .text.usb_get_cfg_data
                0x00000000000033e4       0x24 zephyr/libzephyr.a(usb_descriptor.c.obj)
 .text.usb_update_sn_string_descriptor
                0x0000000000003408       0x88 zephyr/libzephyr.a(usb_descriptor.c.obj)
                0x0000000000003408                usb_update_sn_string_descriptor
 .text.usb_fix_ascii_sn_string_descriptor
                0x0000000000003490       0x84 zephyr/libzephyr.a(usb_descriptor.c.obj)
 .text.usb_fix_descriptor
                0x0000000000003514      0x238 zephyr/libzephyr.a(usb_descriptor.c.obj)
 .text.usb_get_device_descriptor
                0x000000000000374c       0x6c zephyr/libzephyr.a(usb_descriptor.c.obj)
                0x000000000000374c                usb_get_device_descriptor
 .text.usb_ep_get_transfer
                0x00000000000037b8       0x2c zephyr/libzephyr.a(usb_transfer.c.obj)
 .text.usb_transfer_work
                0x00000000000037e4      0x23c zephyr/libzephyr.a(usb_transfer.c.obj)
 .text.usb_transfer_ep_callback
                0x0000000000003a20       0xa4 zephyr/libzephyr.a(usb_transfer.c.obj)
                0x0000000000003a20                usb_transfer_ep_callback
 .text.usb_transfer
                0x0000000000003ac4      0x1bc zephyr/libzephyr.a(usb_transfer.c.obj)
                0x0000000000003ac4                usb_transfer
 .text.usb_cancel_transfer
                0x0000000000003c80       0x40 zephyr/libzephyr.a(usb_transfer.c.obj)
                0x0000000000003c80                usb_cancel_transfer
 .text.usb_cancel_transfers
                0x0000000000003cc0       0x58 zephyr/libzephyr.a(usb_transfer.c.obj)
                0x0000000000003cc0                usb_cancel_transfers
 .text.usb_transfer_init
                0x0000000000003d18       0x3c zephyr/libzephyr.a(usb_transfer.c.obj)
                0x0000000000003d18                usb_transfer_init
 .text.cdc_acm_class_handle_req
                0x0000000000003d54       0xec zephyr/libzephyr.a(cdc_acm.c.obj)
                0x0000000000003d54                cdc_acm_class_handle_req
 .text.cdc_acm_int_in
                0x0000000000003e40       0xa0 zephyr/libzephyr.a(cdc_acm.c.obj)
 .text.cdc_acm_irq_rx_enable
                0x0000000000003ee0       0x24 zephyr/libzephyr.a(cdc_acm.c.obj)
 .text.cdc_acm_irq_tx_enable
                0x0000000000003f04       0x24 zephyr/libzephyr.a(cdc_acm.c.obj)
 .text.cdc_acm_read_cb
                0x0000000000003f28       0xfc zephyr/libzephyr.a(cdc_acm.c.obj)
 .text.cdc_acm_reset_port
                0x0000000000004024       0x4c zephyr/libzephyr.a(cdc_acm.c.obj)
 .text.cdc_acm_do_cb
                0x0000000000004070      0x204 zephyr/libzephyr.a(cdc_acm.c.obj)
 .text.cdc_acm_dev_status_cb
                0x0000000000004274       0xa8 zephyr/libzephyr.a(cdc_acm.c.obj)
 .text.cdc_acm_send_notification
                0x000000000000431c       0x60 zephyr/libzephyr.a(cdc_acm.c.obj)
 .text.cdc_acm_fifo_fill
                0x000000000000437c      0x144 zephyr/libzephyr.a(cdc_acm.c.obj)
 .text.cdc_acm_poll_out
                0x00000000000044c0      0x148 zephyr/libzephyr.a(cdc_acm.c.obj)
 .text.cdc_acm_write_cb
                0x0000000000004608       0x40 zephyr/libzephyr.a(cdc_acm.c.obj)
 .text.cdc_acm_init
                0x0000000000004648       0x4c zephyr/libzephyr.a(cdc_acm.c.obj)
 .text.tx_work_handler
                0x0000000000004694       0x60 zephyr/libzephyr.a(cdc_acm.c.obj)
 .text.z_usb_work_q_init
                0x00000000000046f4       0x34 zephyr/libzephyr.a(usb_work_q.c.obj)
 .text.z_arm_cpu_idle_init
                0x0000000000004728        0xc zephyr/arch/arch/arm/core/aarch32/libarch__arm__core__aarch32.a(cpu_idle.S.obj)
                0x0000000000004728                z_arm_cpu_idle_init
 .text.arch_cpu_idle
                0x0000000000004734       0x1c zephyr/arch/arch/arm/core/aarch32/libarch__arm__core__aarch32.a(cpu_idle.S.obj)
                0x0000000000004734                arch_cpu_idle
 .text.arch_cpu_atomic_idle
                0x0000000000004750       0x18 zephyr/arch/arch/arm/core/aarch32/libarch__arm__core__aarch32.a(cpu_idle.S.obj)
                0x0000000000004750                arch_cpu_atomic_idle
 .text.esf_dump
                0x0000000000004768      0x23c zephyr/arch/arch/arm/core/aarch32/libarch__arm__core__aarch32.a(fatal.c.obj)
 .text.__NVIC_EnableIRQ
                0x00000000000049a4       0x1c zephyr/arch/arch/arm/core/aarch32/libarch__arm__core__aarch32.a(irq_manage.c.obj)
 .text.__NVIC_DisableIRQ
                0x00000000000049c0       0x24 zephyr/arch/arch/arm/core/aarch32/libarch__arm__core__aarch32.a(irq_manage.c.obj)
 .text.__NVIC_SetPriority
                0x00000000000049e4       0x28 zephyr/arch/arch/arm/core/aarch32/libarch__arm__core__aarch32.a(irq_manage.c.obj)
 .text.arch_irq_is_enabled
                0x0000000000004a0c       0x1c zephyr/arch/arch/arm/core/aarch32/libarch__arm__core__aarch32.a(irq_manage.c.obj)
                0x0000000000004a0c                arch_irq_is_enabled
 .text.z_SysNmiOnReset
                0x0000000000004a28        0x8 zephyr/arch/arch/arm/core/aarch32/libarch__arm__core__aarch32.a(nmi_on_reset.S.obj)
                0x0000000000004a28                z_SysNmiOnReset
 .text.z_arm_prep_c
                0x0000000000004a30       0x38 zephyr/arch/arch/arm/core/aarch32/libarch__arm__core__aarch32.a(prep_c.c.obj)
                0x0000000000004a30                z_arm_prep_c
 .text.arch_swap
                0x0000000000004a68       0x38 zephyr/arch/arch/arm/core/aarch32/libarch__arm__core__aarch32.a(swap.c.obj)
                0x0000000000004a68                arch_swap
 .text.z_arm_pendsv
                0x0000000000004aa0       0x58 zephyr/arch/arch/arm/core/aarch32/libarch__arm__core__aarch32.a(swap_helper.S.obj)
                0x0000000000004aa0                z_arm_pendsv
 .text.z_arm_svc
                0x0000000000004af8       0x20 zephyr/arch/arch/arm/core/aarch32/libarch__arm__core__aarch32.a(swap_helper.S.obj)
                0x0000000000004af8                z_arm_svc
 .text.arch_new_thread
                0x0000000000004b18       0x44 zephyr/arch/arch/arm/core/aarch32/libarch__arm__core__aarch32.a(thread.c.obj)
                0x0000000000004b18                arch_new_thread
 .text.z_check_thread_stack_fail
                0x0000000000004b5c       0x48 zephyr/arch/arch/arm/core/aarch32/libarch__arm__core__aarch32.a(thread.c.obj)
                0x0000000000004b5c                z_check_thread_stack_fail
 .text.arch_switch_to_main_thread
                0x0000000000004ba4       0x2c zephyr/arch/arch/arm/core/aarch32/libarch__arm__core__aarch32.a(thread.c.obj)
                0x0000000000004ba4                arch_switch_to_main_thread
 .text._isr_wrapper
                0x0000000000004bd0       0x40 zephyr/arch/arch/arm/core/aarch32/libarch__arm__core__aarch32.a(isr_wrapper.S.obj)
                0x0000000000004bd0                _isr_wrapper
 .text._HandlerModeExit
                0x0000000000004c10       0x1c zephyr/arch/arch/arm/core/aarch32/cortex_m/libarch__arm__core__aarch32__cortex_m.a(exc_exit.S.obj)
                0x0000000000004c10                z_arm_int_exit
                0x0000000000004c10                z_arm_exc_exit
 .text.z_arm_is_synchronous_svc
                0x0000000000004c2c       0x3c zephyr/arch/arch/arm/core/aarch32/cortex_m/libarch__arm__core__aarch32__cortex_m.a(fault.c.obj)
 .text.get_esf  0x0000000000004c68       0x84 zephyr/arch/arch/arm/core/aarch32/cortex_m/libarch__arm__core__aarch32__cortex_m.a(fault.c.obj)
 .text.bus_fault
                0x0000000000004cec      0x31c zephyr/arch/arch/arm/core/aarch32/cortex_m/libarch__arm__core__aarch32__cortex_m.a(fault.c.obj)
 .text.usage_fault
                0x0000000000005008      0x284 zephyr/arch/arch/arm/core/aarch32/cortex_m/libarch__arm__core__aarch32__cortex_m.a(fault.c.obj)
 .text.debug_monitor
                0x000000000000528c       0x5c zephyr/arch/arch/arm/core/aarch32/cortex_m/libarch__arm__core__aarch32__cortex_m.a(fault.c.obj)
 .text.reserved_exception
                0x00000000000052e8       0xd8 zephyr/arch/arch/arm/core/aarch32/cortex_m/libarch__arm__core__aarch32__cortex_m.a(fault.c.obj)
 .text.mem_manage_fault
                0x00000000000053c0      0x318 zephyr/arch/arch/arm/core/aarch32/cortex_m/libarch__arm__core__aarch32__cortex_m.a(fault.c.obj)
 .text.hard_fault
                0x00000000000056d8      0x228 zephyr/arch/arch/arm/core/aarch32/cortex_m/libarch__arm__core__aarch32__cortex_m.a(fault.c.obj)
 .text.z_arm_fault
                0x0000000000005900       0x74 zephyr/arch/arch/arm/core/aarch32/cortex_m/libarch__arm__core__aarch32__cortex_m.a(fault.c.obj)
                0x0000000000005900                z_arm_fault
 .text.z_arm_fault_init
                0x0000000000005974       0x10 zephyr/arch/arch/arm/core/aarch32/cortex_m/libarch__arm__core__aarch32__cortex_m.a(fault.c.obj)
                0x0000000000005974                z_arm_fault_init
 .text.__fault  0x0000000000005984       0x14 zephyr/arch/arch/arm/core/aarch32/cortex_m/libarch__arm__core__aarch32__cortex_m.a(fault_s.S.obj)
                0x0000000000005984                z_arm_usage_fault
                0x0000000000005984                z_arm_mpu_fault
                0x0000000000005984                z_arm_exc_spurious
                0x0000000000005984                z_arm_debug_monitor
                0x0000000000005984                z_arm_hard_fault
                0x0000000000005984                z_arm_bus_fault
 .text.z_arm_interrupt_init
                0x0000000000005998       0x34 zephyr/arch/arch/arm/core/aarch32/cortex_m/libarch__arm__core__aarch32__cortex_m.a(irq_init.c.obj)
                0x0000000000005998                z_arm_interrupt_init
 .text._reset_section
                0x00000000000059cc       0x60 zephyr/arch/arch/arm/core/aarch32/cortex_m/libarch__arm__core__aarch32__cortex_m.a(reset.S.obj)
                0x00000000000059cc                __start
                0x00000000000059cc                z_arm_reset
 .text.z_arm_clear_arm_mpu_config
                0x0000000000005a2c       0x28 zephyr/arch/arch/arm/core/aarch32/cortex_m/libarch__arm__core__aarch32__cortex_m.a(scb.c.obj)
                0x0000000000005a2c                z_arm_clear_arm_mpu_config
 .text.z_arm_init_arch_hw_at_boot
                0x0000000000005a54       0x54 zephyr/arch/arch/arm/core/aarch32/cortex_m/libarch__arm__core__aarch32__cortex_m.a(scb.c.obj)
                0x0000000000005a54                z_arm_init_arch_hw_at_boot
 .text.z_impl_k_thread_abort
                0x0000000000005aa8       0x34 zephyr/arch/arch/arm/core/aarch32/cortex_m/libarch__arm__core__aarch32__cortex_m.a(thread_abort.c.obj)
                0x0000000000005aa8                z_impl_k_thread_abort
 .text.z_arm_configure_static_mpu_regions
                0x0000000000005adc       0x1c zephyr/arch/arch/arm/core/aarch32/mpu/libarch__arm__core__aarch32__mpu.a(arm_core_mpu.c.obj)
                0x0000000000005adc                z_arm_configure_static_mpu_regions
 .text.z_arm_configure_dynamic_mpu_regions
                0x0000000000005af8       0x24 zephyr/arch/arch/arm/core/aarch32/mpu/libarch__arm__core__aarch32__mpu.a(arm_core_mpu.c.obj)
                0x0000000000005af8                z_arm_configure_dynamic_mpu_regions
 .text.region_init
                0x0000000000005b1c       0x28 zephyr/arch/arch/arm/core/aarch32/mpu/libarch__arm__core__aarch32__mpu.a(arm_mpu.c.obj)
 .text.region_allocate_and_init
                0x0000000000005b44       0x98 zephyr/arch/arch/arm/core/aarch32/mpu/libarch__arm__core__aarch32__mpu.a(arm_mpu.c.obj)
 .text.mpu_configure_regions
                0x0000000000005bdc       0xd4 zephyr/arch/arch/arm/core/aarch32/mpu/libarch__arm__core__aarch32__mpu.a(arm_mpu.c.obj)
 .text.mpu_configure_static_mpu_regions
                0x0000000000005cb0       0x14 zephyr/arch/arch/arm/core/aarch32/mpu/libarch__arm__core__aarch32__mpu.a(arm_mpu.c.obj)
 .text.mpu_configure_dynamic_mpu_regions
                0x0000000000005cc4       0x34 zephyr/arch/arch/arm/core/aarch32/mpu/libarch__arm__core__aarch32__mpu.a(arm_mpu.c.obj)
 .text.arm_core_mpu_enable
                0x0000000000005cf8       0x18 zephyr/arch/arch/arm/core/aarch32/mpu/libarch__arm__core__aarch32__mpu.a(arm_mpu.c.obj)
                0x0000000000005cf8                arm_core_mpu_enable
 .text.arm_core_mpu_disable
                0x0000000000005d10       0x14 zephyr/arch/arch/arm/core/aarch32/mpu/libarch__arm__core__aarch32__mpu.a(arm_mpu.c.obj)
                0x0000000000005d10                arm_core_mpu_disable
 .text.z_arm_mpu_init
                0x0000000000005d24       0x44 zephyr/arch/arch/arm/core/aarch32/mpu/libarch__arm__core__aarch32__mpu.a(arm_mpu.c.obj)
                0x0000000000005d24                z_arm_mpu_init
 .text.__stdout_hook_install
                0x0000000000005d68        0xc zephyr/lib/libc/minimal/liblib__libc__minimal.a(stdout_console.c.obj)
                0x0000000000005d68                __stdout_hook_install
 .text.__NVIC_SystemReset
                0x0000000000005d74       0x24 zephyr/soc/arm/nordic_nrf/nrf52/libsoc__arm__nordic_nrf__nrf52.a(soc.c.obj)
 .text.nordicsemi_nrf52_init
                0x0000000000005d98       0x28 zephyr/soc/arm/nordic_nrf/nrf52/libsoc__arm__nordic_nrf__nrf52.a(soc.c.obj)
 .text.arch_busy_wait
                0x0000000000005dc0       0x18 zephyr/soc/arm/nordic_nrf/nrf52/libsoc__arm__nordic_nrf__nrf52.a(soc.c.obj)
                0x0000000000005dc0                arch_busy_wait
 .text.endpoint_ctx
                0x0000000000005dd8       0x54 zephyr/drivers/usb/device/libdrivers__usb__device.a(usb_dc_nrfx.c.obj)
 .text.eps_ctx_init
                0x0000000000005e2c       0x64 zephyr/drivers/usb/device/libdrivers__usb__device.a(usb_dc_nrfx.c.obj)
 .text.usbd_evt_get
                0x0000000000005e90       0x14 zephyr/drivers/usb/device/libdrivers__usb__device.a(usb_dc_nrfx.c.obj)
 .text.usbd_evt_flush
                0x0000000000005ea4       0x20 zephyr/drivers/usb/device/libdrivers__usb__device.a(usb_dc_nrfx.c.obj)
 .text.usbd_evt_alloc
                0x0000000000005ec4       0xf4 zephyr/drivers/usb/device/libdrivers__usb__device.a(usb_dc_nrfx.c.obj)
 .text.submit_dc_power_event
                0x0000000000005fb8       0x3c zephyr/drivers/usb/device/libdrivers__usb__device.a(usb_dc_nrfx.c.obj)
 .text.usb_dc_power_event_handler
                0x0000000000005ff4       0xa4 zephyr/drivers/usb/device/libdrivers__usb__device.a(usb_dc_nrfx.c.obj)
 .text.usbd_sof_trigger_iso_read
                0x0000000000006098       0xe4 zephyr/drivers/usb/device/libdrivers__usb__device.a(usb_dc_nrfx.c.obj)
 .text.usbd_event_transfer_data
                0x000000000000617c      0x1c8 zephyr/drivers/usb/device/libdrivers__usb__device.a(usb_dc_nrfx.c.obj)
 .text.usbd_work_process_recvreq
                0x0000000000006344       0xd4 zephyr/drivers/usb/device/libdrivers__usb__device.a(usb_dc_nrfx.c.obj)
 .text.usbd_work_process_setup
                0x0000000000006418       0x98 zephyr/drivers/usb/device/libdrivers__usb__device.a(usb_dc_nrfx.c.obj)
 .text.usbd_work_process_ep_events
                0x00000000000064b0       0x64 zephyr/drivers/usb/device/libdrivers__usb__device.a(usb_dc_nrfx.c.obj)
 .text.usbd_work_process_pwr_events
                0x0000000000006514       0xa0 zephyr/drivers/usb/device/libdrivers__usb__device.a(usb_dc_nrfx.c.obj)
 .text.usbd_reinit
                0x00000000000065b4       0x28 zephyr/drivers/usb/device/libdrivers__usb__device.a(usb_dc_nrfx.c.obj)
 .text.usbd_work_handler
                0x00000000000065dc      0x220 zephyr/drivers/usb/device/libdrivers__usb__device.a(usb_dc_nrfx.c.obj)
 .text.usbd_event_transfer_ctrl
                0x00000000000067fc      0x270 zephyr/drivers/usb/device/libdrivers__usb__device.a(usb_dc_nrfx.c.obj)
 .text.usbd_event_handler
                0x0000000000006a6c       0xd8 zephyr/drivers/usb/device/libdrivers__usb__device.a(usb_dc_nrfx.c.obj)
 .text.usb_init
                0x0000000000006b44       0x74 zephyr/drivers/usb/device/libdrivers__usb__device.a(usb_dc_nrfx.c.obj)
 .text.usb_dc_attach
                0x0000000000006bb8       0x78 zephyr/drivers/usb/device/libdrivers__usb__device.a(usb_dc_nrfx.c.obj)
                0x0000000000006bb8                usb_dc_attach
 .text.usb_dc_set_address
                0x0000000000006c30       0x24 zephyr/drivers/usb/device/libdrivers__usb__device.a(usb_dc_nrfx.c.obj)
                0x0000000000006c30                usb_dc_set_address
 .text.usb_dc_ep_check_cap
                0x0000000000006c54       0xd4 zephyr/drivers/usb/device/libdrivers__usb__device.a(usb_dc_nrfx.c.obj)
                0x0000000000006c54                usb_dc_ep_check_cap
 .text.usb_dc_ep_configure
                0x0000000000006d28       0xa8 zephyr/drivers/usb/device/libdrivers__usb__device.a(usb_dc_nrfx.c.obj)
                0x0000000000006d28                usb_dc_ep_configure
 .text.usb_dc_ep_set_stall
                0x0000000000006dd0       0xb8 zephyr/drivers/usb/device/libdrivers__usb__device.a(usb_dc_nrfx.c.obj)
                0x0000000000006dd0                usb_dc_ep_set_stall
 .text.usb_dc_ep_clear_stall
                0x0000000000006e88       0x4c zephyr/drivers/usb/device/libdrivers__usb__device.a(usb_dc_nrfx.c.obj)
                0x0000000000006e88                usb_dc_ep_clear_stall
 .text.usb_dc_ep_is_stalled
                0x0000000000006ed4       0x48 zephyr/drivers/usb/device/libdrivers__usb__device.a(usb_dc_nrfx.c.obj)
                0x0000000000006ed4                usb_dc_ep_is_stalled
 .text.usb_dc_ep_enable
                0x0000000000006f1c       0x5c zephyr/drivers/usb/device/libdrivers__usb__device.a(usb_dc_nrfx.c.obj)
                0x0000000000006f1c                usb_dc_ep_enable
 .text.usb_dc_ep_write
                0x0000000000006f78      0x214 zephyr/drivers/usb/device/libdrivers__usb__device.a(usb_dc_nrfx.c.obj)
                0x0000000000006f78                usb_dc_ep_write
 .text.usb_dc_ep_read_wait
                0x000000000000718c      0x154 zephyr/drivers/usb/device/libdrivers__usb__device.a(usb_dc_nrfx.c.obj)
                0x000000000000718c                usb_dc_ep_read_wait
 .text.usb_dc_ep_read_continue
                0x00000000000072e0      0x138 zephyr/drivers/usb/device/libdrivers__usb__device.a(usb_dc_nrfx.c.obj)
                0x00000000000072e0                usb_dc_ep_read_continue
 .text.usb_dc_ep_set_callback
                0x0000000000007418       0x28 zephyr/drivers/usb/device/libdrivers__usb__device.a(usb_dc_nrfx.c.obj)
                0x0000000000007418                usb_dc_ep_set_callback
 .text.usb_dc_set_status_callback
                0x0000000000007440        0xc zephyr/drivers/usb/device/libdrivers__usb__device.a(usb_dc_nrfx.c.obj)
                0x0000000000007440                usb_dc_set_status_callback
 .text.usb_dc_ep_mps
                0x000000000000744c       0x24 zephyr/drivers/usb/device/libdrivers__usb__device.a(usb_dc_nrfx.c.obj)
                0x000000000000744c                usb_dc_ep_mps
 .text.get_hf_flags
                0x0000000000007470        0x8 zephyr/drivers/clock_control/libdrivers__clock_control.a(clock_control_nrf.c.obj)
 .text.get_subsys
                0x0000000000007478       0x18 zephyr/drivers/clock_control/libdrivers__clock_control.a(clock_control_nrf.c.obj)
 .text.onoff_stop
                0x0000000000007490       0x20 zephyr/drivers/clock_control/libdrivers__clock_control.a(clock_control_nrf.c.obj)
 .text.onoff_start
                0x00000000000074b0       0x34 zephyr/drivers/clock_control/libdrivers__clock_control.a(clock_control_nrf.c.obj)
 .text.clock_event_handler
                0x00000000000074e4       0x34 zephyr/drivers/clock_control/libdrivers__clock_control.a(clock_control_nrf.c.obj)
 .text.generic_hfclk_start
                0x0000000000007518       0x70 zephyr/drivers/clock_control/libdrivers__clock_control.a(clock_control_nrf.c.obj)
 .text.generic_hfclk_stop
                0x0000000000007588       0x38 zephyr/drivers/clock_control/libdrivers__clock_control.a(clock_control_nrf.c.obj)
 .text.lfclk_spinwait
                0x00000000000075c0       0xcc zephyr/drivers/clock_control/libdrivers__clock_control.a(clock_control_nrf.c.obj)
 .text.api_blocking_start
                0x000000000000768c       0x38 zephyr/drivers/clock_control/libdrivers__clock_control.a(clock_control_nrf.c.obj)
 .text.clk_init
                0x00000000000076c4       0x60 zephyr/drivers/clock_control/libdrivers__clock_control.a(clock_control_nrf.c.obj)
 .text.z_nrf_clock_control_get_onoff
                0x0000000000007724       0x10 zephyr/drivers/clock_control/libdrivers__clock_control.a(clock_control_nrf.c.obj)
                0x0000000000007724                z_nrf_clock_control_get_onoff
 .text.z_nrf_clock_control_lf_on
                0x0000000000007734       0x54 zephyr/drivers/clock_control/libdrivers__clock_control.a(clock_control_nrf.c.obj)
                0x0000000000007734                z_nrf_clock_control_lf_on
 .text.console_out
                0x0000000000007788       0x28 zephyr/drivers/console/libdrivers__console.a(uart_console.c.obj)
 .text.uart_console_hook_install
                0x00000000000077b0       0x18 zephyr/drivers/console/libdrivers__console.a(uart_console.c.obj)
 .text.uart_console_init
                0x00000000000077c8       0x1c zephyr/drivers/console/libdrivers__console.a(uart_console.c.obj)
 .text.get_dev  0x00000000000077e4       0x1c zephyr/drivers/gpio/libdrivers__gpio.a(gpio_nrfx.c.obj)
 .text.gpio_nrfx_pin_interrupt_configure
                0x0000000000007800       0xc8 zephyr/drivers/gpio/libdrivers__gpio.a(gpio_nrfx.c.obj)
 .text.gpio_nrfx_pin_configure
                0x00000000000078c8      0x110 zephyr/drivers/gpio/libdrivers__gpio.a(gpio_nrfx.c.obj)
 .text.gpio_nrfx_init
                0x00000000000079d8       0x3c zephyr/drivers/gpio/libdrivers__gpio.a(gpio_nrfx.c.obj)
 .text.nrf_gpio_pin_write
                0x0000000000007a14       0x40 zephyr/drivers/pinctrl/libdrivers__pinctrl.a(pinctrl_nrf.c.obj)
 .text.pinctrl_configure_pins
                0x0000000000007a54      0x16c zephyr/drivers/pinctrl/libdrivers__pinctrl.a(pinctrl_nrf.c.obj)
                0x0000000000007a54                pinctrl_configure_pins
 .text.baudrate_set
                0x0000000000007bc0      0x150 zephyr/drivers/serial/libdrivers__serial.a(uart_nrfx_uarte.c.obj)
 .text.uarte_nrfx_poll_out
                0x0000000000007d10       0x5c zephyr/drivers/serial/libdrivers__serial.a(uart_nrfx_uarte.c.obj)
 .text.endtx_stoptx_ppi_init
                0x0000000000007d6c       0x98 zephyr/drivers/serial/libdrivers__serial.a(uart_nrfx_uarte.c.obj)
 .text.set_comparator
                0x0000000000007e04       0x14 zephyr/drivers/timer/libdrivers__timer.a(nrf_rtc_timer.c.obj)
 .text.event_enable
                0x0000000000007e18       0x14 zephyr/drivers/timer/libdrivers__timer.a(nrf_rtc_timer.c.obj)
 .text.event_disable
                0x0000000000007e2c       0x14 zephyr/drivers/timer/libdrivers__timer.a(nrf_rtc_timer.c.obj)
 .text.counter  0x0000000000007e40        0xc zephyr/drivers/timer/libdrivers__timer.a(nrf_rtc_timer.c.obj)
 .text.set_alarm
                0x0000000000007e4c       0x6c zephyr/drivers/timer/libdrivers__timer.a(nrf_rtc_timer.c.obj)
 .text.int_event_disable_rtc
                0x0000000000007eb8       0x18 zephyr/drivers/timer/libdrivers__timer.a(nrf_rtc_timer.c.obj)
 .text.compare_int_lock
                0x0000000000007ed0       0x4c zephyr/drivers/timer/libdrivers__timer.a(nrf_rtc_timer.c.obj)
 .text.channel_processing_check_and_clear
                0x0000000000007f1c       0x60 zephyr/drivers/timer/libdrivers__timer.a(nrf_rtc_timer.c.obj)
 .text.compare_int_unlock
                0x0000000000007f7c       0x60 zephyr/drivers/timer/libdrivers__timer.a(nrf_rtc_timer.c.obj)
 .text.sys_clock_timeout_handler
                0x0000000000007fdc       0x50 zephyr/drivers/timer/libdrivers__timer.a(nrf_rtc_timer.c.obj)
 .text.z_nrf_rtc_timer_read
                0x000000000000802c       0x40 zephyr/drivers/timer/libdrivers__timer.a(nrf_rtc_timer.c.obj)
                0x000000000000802c                z_nrf_rtc_timer_read
 .text.compare_set_nolocks
                0x000000000000806c       0x90 zephyr/drivers/timer/libdrivers__timer.a(nrf_rtc_timer.c.obj)
 .text.sys_clock_driver_init
                0x00000000000080fc       0x98 zephyr/drivers/timer/libdrivers__timer.a(nrf_rtc_timer.c.obj)
 .text.process_channel
                0x0000000000008194       0x7c zephyr/drivers/timer/libdrivers__timer.a(nrf_rtc_timer.c.obj)
 .text.rtc_nrf_isr
                0x0000000000008210       0x44 zephyr/drivers/timer/libdrivers__timer.a(nrf_rtc_timer.c.obj)
                0x0000000000008210                rtc_nrf_isr
 .text.sys_clock_set_timeout
                0x0000000000008254       0x78 zephyr/drivers/timer/libdrivers__timer.a(nrf_rtc_timer.c.obj)
                0x0000000000008254                sys_clock_set_timeout
 .text.sys_clock_elapsed
                0x00000000000082cc       0x14 zephyr/drivers/timer/libdrivers__timer.a(nrf_rtc_timer.c.obj)
                0x00000000000082cc                sys_clock_elapsed
 .text.k_sys_fatal_error_handler
                0x00000000000082e0       0x60 modules/nrf/lib/fatal_error/lib..__nrf__lib__fatal_error.a(fatal_error.c.obj)
                0x00000000000082e0                k_sys_fatal_error_handler
 .text.__NVIC_SystemReset
                0x0000000000008340       0x24 modules/hal_nordic/nrfx/libmodules__hal_nordic__nrfx.a(system_nrf52833.c.obj)
 .text.nvmc_wait
                0x0000000000008364       0x10 modules/hal_nordic/nrfx/libmodules__hal_nordic__nrfx.a(system_nrf52833.c.obj)
                0x0000000000008364                nvmc_wait
 .text.nvmc_config
                0x0000000000008374       0x14 modules/hal_nordic/nrfx/libmodules__hal_nordic__nrfx.a(system_nrf52833.c.obj)
                0x0000000000008374                nvmc_config
 .text.SystemInit
                0x0000000000008388      0x118 modules/hal_nordic/nrfx/libmodules__hal_nordic__nrfx.a(system_nrf52833.c.obj)
                0x0000000000008388                SystemInit
 .text.nrfx_flag32_alloc
                0x00000000000084a0       0x50 modules/hal_nordic/nrfx/libmodules__hal_nordic__nrfx.a(nrfx_flag32_allocator.c.obj)
                0x00000000000084a0                nrfx_flag32_alloc
 .text.nrfx_flag32_free
                0x00000000000084f0       0x44 modules/hal_nordic/nrfx/libmodules__hal_nordic__nrfx.a(nrfx_flag32_allocator.c.obj)
                0x00000000000084f0                nrfx_flag32_free
 .text.nrfx_clock_init
                0x0000000000008534       0x24 modules/hal_nordic/nrfx/libmodules__hal_nordic__nrfx.a(nrfx_clock.c.obj)
                0x0000000000008534                nrfx_clock_init
 .text.nrfx_clock_enable
                0x0000000000008558       0x20 modules/hal_nordic/nrfx/libmodules__hal_nordic__nrfx.a(nrfx_clock.c.obj)
                0x0000000000008558                nrfx_clock_enable
 .text.nrfx_clock_irq_handler
                0x0000000000008578       0x74 modules/hal_nordic/nrfx/libmodules__hal_nordic__nrfx.a(nrfx_clock.c.obj)
                0x0000000000008578                nrfx_clock_irq_handler
 .text.nrf_gpio_reconfigure
                0x00000000000085ec       0xb8 modules/hal_nordic/nrfx/libmodules__hal_nordic__nrfx.a(nrfx_gpiote.c.obj)
 .text.nrf_gpio_latches_read_and_clear
                0x00000000000086a4       0x44 modules/hal_nordic/nrfx/libmodules__hal_nordic__nrfx.a(nrfx_gpiote.c.obj)
 .text.pin_in_use
                0x00000000000086e8       0x14 modules/hal_nordic/nrfx/libmodules__hal_nordic__nrfx.a(nrfx_gpiote.c.obj)
 .text.pin_in_use_by_te
                0x00000000000086fc       0x14 modules/hal_nordic/nrfx/libmodules__hal_nordic__nrfx.a(nrfx_gpiote.c.obj)
 .text.pin_has_trigger
                0x0000000000008710       0x18 modules/hal_nordic/nrfx/libmodules__hal_nordic__nrfx.a(nrfx_gpiote.c.obj)
 .text.pin_is_output
                0x0000000000008728       0x14 modules/hal_nordic/nrfx/libmodules__hal_nordic__nrfx.a(nrfx_gpiote.c.obj)
 .text.pin_te_get
                0x000000000000873c       0x10 modules/hal_nordic/nrfx/libmodules__hal_nordic__nrfx.a(nrfx_gpiote.c.obj)
 .text.handler_in_use
                0x000000000000874c       0x34 modules/hal_nordic/nrfx/libmodules__hal_nordic__nrfx.a(nrfx_gpiote.c.obj)
 .text.find_handler
                0x0000000000008780       0x2c modules/hal_nordic/nrfx/libmodules__hal_nordic__nrfx.a(nrfx_gpiote.c.obj)
 .text.get_initial_sense
                0x00000000000087ac       0x4c modules/hal_nordic/nrfx/libmodules__hal_nordic__nrfx.a(nrfx_gpiote.c.obj)
 .text.channel_handler_get
                0x00000000000087f8       0x20 modules/hal_nordic/nrfx/libmodules__hal_nordic__nrfx.a(nrfx_gpiote.c.obj)
 .text.call_handler
                0x0000000000008818       0x2c modules/hal_nordic/nrfx/libmodules__hal_nordic__nrfx.a(nrfx_gpiote.c.obj)
 .text.next_sense_cond_call_handler
                0x0000000000008844       0x84 modules/hal_nordic/nrfx/libmodules__hal_nordic__nrfx.a(nrfx_gpiote.c.obj)
 .text.release_handler
                0x00000000000088c8       0x44 modules/hal_nordic/nrfx/libmodules__hal_nordic__nrfx.a(nrfx_gpiote.c.obj)
 .text.pin_handler_trigger_uninit
                0x000000000000890c       0x38 modules/hal_nordic/nrfx/libmodules__hal_nordic__nrfx.a(nrfx_gpiote.c.obj)
 .text.pin_handler_set
                0x0000000000008944       0x6c modules/hal_nordic/nrfx/libmodules__hal_nordic__nrfx.a(nrfx_gpiote.c.obj)
 .text.port_event_handle
                0x00000000000089b0       0xa8 modules/hal_nordic/nrfx/libmodules__hal_nordic__nrfx.a(nrfx_gpiote.c.obj)
 .text.gpiote_evt_handle
                0x0000000000008a58       0x44 modules/hal_nordic/nrfx/libmodules__hal_nordic__nrfx.a(nrfx_gpiote.c.obj)
 .text.nrfx_gpiote_input_configure
                0x0000000000008a9c      0x128 modules/hal_nordic/nrfx/libmodules__hal_nordic__nrfx.a(nrfx_gpiote.c.obj)
                0x0000000000008a9c                nrfx_gpiote_input_configure
 .text.nrfx_gpiote_output_configure
                0x0000000000008bc4       0xd4 modules/hal_nordic/nrfx/libmodules__hal_nordic__nrfx.a(nrfx_gpiote.c.obj)
                0x0000000000008bc4                nrfx_gpiote_output_configure
 .text.nrfx_gpiote_global_callback_set
                0x0000000000008c98        0xc modules/hal_nordic/nrfx/libmodules__hal_nordic__nrfx.a(nrfx_gpiote.c.obj)
                0x0000000000008c98                nrfx_gpiote_global_callback_set
 .text.nrfx_gpiote_channel_get
                0x0000000000008ca4       0x30 modules/hal_nordic/nrfx/libmodules__hal_nordic__nrfx.a(nrfx_gpiote.c.obj)
                0x0000000000008ca4                nrfx_gpiote_channel_get
 .text.nrfx_gpiote_init
                0x0000000000008cd4       0x54 modules/hal_nordic/nrfx/libmodules__hal_nordic__nrfx.a(nrfx_gpiote.c.obj)
                0x0000000000008cd4                nrfx_gpiote_init
 .text.nrfx_gpiote_is_init
                0x0000000000008d28       0x14 modules/hal_nordic/nrfx/libmodules__hal_nordic__nrfx.a(nrfx_gpiote.c.obj)
                0x0000000000008d28                nrfx_gpiote_is_init
 .text.nrfx_gpiote_channel_free
                0x0000000000008d3c       0x10 modules/hal_nordic/nrfx/libmodules__hal_nordic__nrfx.a(nrfx_gpiote.c.obj)
                0x0000000000008d3c                nrfx_gpiote_channel_free
 .text.nrfx_gpiote_channel_alloc
                0x0000000000008d4c       0x10 modules/hal_nordic/nrfx/libmodules__hal_nordic__nrfx.a(nrfx_gpiote.c.obj)
                0x0000000000008d4c                nrfx_gpiote_channel_alloc
 .text.nrfx_gpiote_trigger_enable
                0x0000000000008d5c       0x64 modules/hal_nordic/nrfx/libmodules__hal_nordic__nrfx.a(nrfx_gpiote.c.obj)
                0x0000000000008d5c                nrfx_gpiote_trigger_enable
 .text.nrfx_gpiote_trigger_disable
                0x0000000000008dc0       0x44 modules/hal_nordic/nrfx/libmodules__hal_nordic__nrfx.a(nrfx_gpiote.c.obj)
                0x0000000000008dc0                nrfx_gpiote_trigger_disable
 .text.nrfx_gpiote_pin_uninit
                0x0000000000008e04       0x48 modules/hal_nordic/nrfx/libmodules__hal_nordic__nrfx.a(nrfx_gpiote.c.obj)
                0x0000000000008e04                nrfx_gpiote_pin_uninit
 .text.nrfx_gpiote_irq_handler
                0x0000000000008e4c       0x60 modules/hal_nordic/nrfx/libmodules__hal_nordic__nrfx.a(nrfx_gpiote.c.obj)
                0x0000000000008e4c                nrfx_gpiote_irq_handler
 .text.nrfx_power_init
                0x0000000000008eac       0x3c modules/hal_nordic/nrfx/libmodules__hal_nordic__nrfx.a(nrfx_power.c.obj)
                0x0000000000008eac                nrfx_power_init
 .text.nrfx_power_usbevt_uninit
                0x0000000000008ee8       0x14 modules/hal_nordic/nrfx/libmodules__hal_nordic__nrfx.a(nrfx_power.c.obj)
                0x0000000000008ee8                nrfx_power_usbevt_uninit
 .text.nrfx_power_usbevt_init
                0x0000000000008efc       0x18 modules/hal_nordic/nrfx/libmodules__hal_nordic__nrfx.a(nrfx_power.c.obj)
                0x0000000000008efc                nrfx_power_usbevt_init
 .text.nrfx_power_irq_handler
                0x0000000000008f14       0xf4 modules/hal_nordic/nrfx/libmodules__hal_nordic__nrfx.a(nrfx_power.c.obj)
                0x0000000000008f14                nrfx_power_irq_handler
 .text.nrfx_ppi_channel_alloc
                0x0000000000009008       0x10 modules/hal_nordic/nrfx/libmodules__hal_nordic__nrfx.a(nrfx_ppi.c.obj)
                0x0000000000009008                nrfx_ppi_channel_alloc
 .text.ev_usbreset_handler
                0x0000000000009018       0x30 modules/hal_nordic/nrfx/libmodules__hal_nordic__nrfx.a(nrfx_usbd.c.obj)
 .text.ev_sof_handler
                0x0000000000009048       0x48 modules/hal_nordic/nrfx/libmodules__hal_nordic__nrfx.a(nrfx_usbd.c.obj)
 .text.ev_usbevent_handler
                0x0000000000009090       0x8c modules/hal_nordic/nrfx/libmodules__hal_nordic__nrfx.a(nrfx_usbd.c.obj)
 .text.usbd_errata_171_begin
                0x000000000000911c       0x44 modules/hal_nordic/nrfx/libmodules__hal_nordic__nrfx.a(nrfx_usbd.c.obj)
 .text.usbd_errata_171_end
                0x0000000000009160       0x44 modules/hal_nordic/nrfx/libmodules__hal_nordic__nrfx.a(nrfx_usbd.c.obj)
 .text.usbd_errata_187_211_begin
                0x00000000000091a4       0x44 modules/hal_nordic/nrfx/libmodules__hal_nordic__nrfx.a(nrfx_usbd.c.obj)
 .text.usbd_errata_187_211_end
                0x00000000000091e8       0x44 modules/hal_nordic/nrfx/libmodules__hal_nordic__nrfx.a(nrfx_usbd.c.obj)
 .text.usbd_enable
                0x000000000000922c       0x5c modules/hal_nordic/nrfx/libmodules__hal_nordic__nrfx.a(nrfx_usbd.c.obj)
 .text.nrf_usbd_epin_dma_handler
                0x0000000000009288       0xa4 modules/hal_nordic/nrfx/libmodules__hal_nordic__nrfx.a(nrfx_usbd.c.obj)
 .text.nrf_usbd_ep0in_dma_handler
                0x000000000000932c       0x74 modules/hal_nordic/nrfx/libmodules__hal_nordic__nrfx.a(nrfx_usbd.c.obj)
 .text.usbd_ep_data_handler
                0x00000000000093a0       0x98 modules/hal_nordic/nrfx/libmodules__hal_nordic__nrfx.a(nrfx_usbd.c.obj)
 .text.ev_setup_data_handler
                0x0000000000009438       0x24 modules/hal_nordic/nrfx/libmodules__hal_nordic__nrfx.a(nrfx_usbd.c.obj)
 .text.nrf_usbd_epoutiso_dma_handler
                0x000000000000945c       0x98 modules/hal_nordic/nrfx/libmodules__hal_nordic__nrfx.a(nrfx_usbd.c.obj)
 .text.nrf_usbd_epiniso_dma_handler
                0x00000000000094f4       0xc4 modules/hal_nordic/nrfx/libmodules__hal_nordic__nrfx.a(nrfx_usbd.c.obj)
 .text.nrfx_usbd_isoinconfig_set
                0x00000000000095b8        0xc modules/hal_nordic/nrfx/libmodules__hal_nordic__nrfx.a(nrfx_usbd.c.obj)
                0x00000000000095b8                nrfx_usbd_isoinconfig_set
 .text.nrfx_usbd_uninit
                0x00000000000095c4       0x14 modules/hal_nordic/nrfx/libmodules__hal_nordic__nrfx.a(nrfx_usbd.c.obj)
                0x00000000000095c4                nrfx_usbd_uninit
 .text.nrfx_usbd_enable
                0x00000000000095d8       0xc8 modules/hal_nordic/nrfx/libmodules__hal_nordic__nrfx.a(nrfx_usbd.c.obj)
                0x00000000000095d8                nrfx_usbd_enable
 .text.nrfx_usbd_start
                0x00000000000096a0       0x38 modules/hal_nordic/nrfx/libmodules__hal_nordic__nrfx.a(nrfx_usbd.c.obj)
                0x00000000000096a0                nrfx_usbd_start
 .text.nrfx_usbd_is_enabled
                0x00000000000096d8       0x14 modules/hal_nordic/nrfx/libmodules__hal_nordic__nrfx.a(nrfx_usbd.c.obj)
                0x00000000000096d8                nrfx_usbd_is_enabled
 .text.nrfx_usbd_suspend
                0x00000000000096ec       0x60 modules/hal_nordic/nrfx/libmodules__hal_nordic__nrfx.a(nrfx_usbd.c.obj)
                0x00000000000096ec                nrfx_usbd_suspend
 .text.nrfx_usbd_ep_max_packet_size_set
                0x000000000000974c       0x20 modules/hal_nordic/nrfx/libmodules__hal_nordic__nrfx.a(nrfx_usbd.c.obj)
                0x000000000000974c                nrfx_usbd_ep_max_packet_size_set
 .text.nrfx_usbd_init
                0x000000000000976c       0xb0 modules/hal_nordic/nrfx/libmodules__hal_nordic__nrfx.a(nrfx_usbd.c.obj)
                0x000000000000976c                nrfx_usbd_init
 .text.nrfx_usbd_ep_transfer
                0x000000000000981c      0x120 modules/hal_nordic/nrfx/libmodules__hal_nordic__nrfx.a(nrfx_usbd.c.obj)
                0x000000000000981c                nrfx_usbd_ep_transfer
 .text.nrfx_usbd_feeder_buffer_get
                0x000000000000993c        0x8 modules/hal_nordic/nrfx/libmodules__hal_nordic__nrfx.a(nrfx_usbd.c.obj)
                0x000000000000993c                nrfx_usbd_feeder_buffer_get
 .text.nrfx_usbd_ep_status_get
                0x0000000000009944       0x54 modules/hal_nordic/nrfx/libmodules__hal_nordic__nrfx.a(nrfx_usbd.c.obj)
                0x0000000000009944                nrfx_usbd_ep_status_get
 .text.nrfx_usbd_epout_size_get
                0x0000000000009998       0x2c modules/hal_nordic/nrfx/libmodules__hal_nordic__nrfx.a(nrfx_usbd.c.obj)
                0x0000000000009998                nrfx_usbd_epout_size_get
 .text.usbd_dmareq_process
                0x00000000000099c4      0x194 modules/hal_nordic/nrfx/libmodules__hal_nordic__nrfx.a(nrfx_usbd.c.obj)
 .text.ev_epdata_handler
                0x0000000000009b58       0x44 modules/hal_nordic/nrfx/libmodules__hal_nordic__nrfx.a(nrfx_usbd.c.obj)
 .text.nrf_usbd_epout_dma_handler
                0x0000000000009b9c       0xc8 modules/hal_nordic/nrfx/libmodules__hal_nordic__nrfx.a(nrfx_usbd.c.obj)
 .text.nrfx_usbd_ep_stall
                0x0000000000009c64       0x10 modules/hal_nordic/nrfx/libmodules__hal_nordic__nrfx.a(nrfx_usbd.c.obj)
                0x0000000000009c64                nrfx_usbd_ep_stall
 .text.nrfx_usbd_ep_stall_check
                0x0000000000009c74       0x40 modules/hal_nordic/nrfx/libmodules__hal_nordic__nrfx.a(nrfx_usbd.c.obj)
                0x0000000000009c74                nrfx_usbd_ep_stall_check
 .text.nrfx_usbd_ep_dtoggle_clear
                0x0000000000009cb4       0x18 modules/hal_nordic/nrfx/libmodules__hal_nordic__nrfx.a(nrfx_usbd.c.obj)
                0x0000000000009cb4                nrfx_usbd_ep_dtoggle_clear
 .text.nrfx_usbd_setup_get
                0x0000000000009ccc       0x58 modules/hal_nordic/nrfx/libmodules__hal_nordic__nrfx.a(nrfx_usbd.c.obj)
                0x0000000000009ccc                nrfx_usbd_setup_get
 .text.nrfx_usbd_setup_data_clear
                0x0000000000009d24       0x10 modules/hal_nordic/nrfx/libmodules__hal_nordic__nrfx.a(nrfx_usbd.c.obj)
                0x0000000000009d24                nrfx_usbd_setup_data_clear
 .text.nrf_usbd_ep0out_dma_handler
                0x0000000000009d34       0x94 modules/hal_nordic/nrfx/libmodules__hal_nordic__nrfx.a(nrfx_usbd.c.obj)
 .text.nrfx_usbd_setup_clear
                0x0000000000009dc8       0x10 modules/hal_nordic/nrfx/libmodules__hal_nordic__nrfx.a(nrfx_usbd.c.obj)
                0x0000000000009dc8                nrfx_usbd_setup_clear
 .text.nrfx_usbd_setup_stall
                0x0000000000009dd8       0x10 modules/hal_nordic/nrfx/libmodules__hal_nordic__nrfx.a(nrfx_usbd.c.obj)
                0x0000000000009dd8                nrfx_usbd_setup_stall
 .text.nrfx_usbd_last_setup_dir_get
                0x0000000000009de8        0xc modules/hal_nordic/nrfx/libmodules__hal_nordic__nrfx.a(nrfx_usbd.c.obj)
                0x0000000000009de8                nrfx_usbd_last_setup_dir_get
 .text.nrfx_usbd_transfer_out_drop
                0x0000000000009df4       0x60 modules/hal_nordic/nrfx/libmodules__hal_nordic__nrfx.a(nrfx_usbd.c.obj)
                0x0000000000009df4                nrfx_usbd_transfer_out_drop
 .text.usbd_ep_abort
                0x0000000000009e54      0x11c modules/hal_nordic/nrfx/libmodules__hal_nordic__nrfx.a(nrfx_usbd.c.obj)
 .text.ev_setup_handler
                0x0000000000009f70       0x9c modules/hal_nordic/nrfx/libmodules__hal_nordic__nrfx.a(nrfx_usbd.c.obj)
 .text.nrfx_usbd_irq_handler
                0x000000000000a00c       0x7c modules/hal_nordic/nrfx/libmodules__hal_nordic__nrfx.a(nrfx_usbd.c.obj)
                0x000000000000a00c                nrfx_usbd_irq_handler
 .text.usbd_ep_abort_all
                0x000000000000a088       0x54 modules/hal_nordic/nrfx/libmodules__hal_nordic__nrfx.a(nrfx_usbd.c.obj)
 .text.nrfx_usbd_stop
                0x000000000000a0dc       0x3c modules/hal_nordic/nrfx/libmodules__hal_nordic__nrfx.a(nrfx_usbd.c.obj)
                0x000000000000a0dc                nrfx_usbd_stop
 .text.nrfx_usbd_disable
                0x000000000000a118       0x44 modules/hal_nordic/nrfx/libmodules__hal_nordic__nrfx.a(nrfx_usbd.c.obj)
                0x000000000000a118                nrfx_usbd_disable
 .text.nrfx_usbd_ep_disable
                0x000000000000a15c       0x3c modules/hal_nordic/nrfx/libmodules__hal_nordic__nrfx.a(nrfx_usbd.c.obj)
                0x000000000000a15c                nrfx_usbd_ep_disable
 .text.nrfx_usbd_ep_enable
                0x000000000000a198       0xb0 modules/hal_nordic/nrfx/libmodules__hal_nordic__nrfx.a(nrfx_usbd.c.obj)
                0x000000000000a198                nrfx_usbd_ep_enable
 .text.nrfx_usbd_ep_stall_clear
                0x000000000000a248       0x28 modules/hal_nordic/nrfx/libmodules__hal_nordic__nrfx.a(nrfx_usbd.c.obj)
                0x000000000000a248                nrfx_usbd_ep_stall_clear
 .text._DoInit  0x000000000000a270       0x60 modules/segger/libmodules__segger.a(SEGGER_RTT.c.obj)
 .text.SEGGER_RTT_WriteSkipNoLock
                0x000000000000a2d0       0xc8 modules/segger/libmodules__segger.a(SEGGER_RTT.c.obj)
                0x000000000000a2d0                SEGGER_RTT_WriteSkipNoLock
 .text.SEGGER_RTT_HasDataUp
                0x000000000000a398       0x20 modules/segger/libmodules__segger.a(SEGGER_RTT.c.obj)
                0x000000000000a398                SEGGER_RTT_HasDataUp
 .text.zephyr_rtt_mutex_lock
                0x000000000000a3b8       0x18 modules/segger/libmodules__segger.a(SEGGER_RTT_zephyr.c.obj)
                0x000000000000a3b8                zephyr_rtt_mutex_lock
 .text.zephyr_rtt_mutex_unlock
                0x000000000000a3d0       0x10 modules/segger/libmodules__segger.a(SEGGER_RTT_zephyr.c.obj)
                0x000000000000a3d0                zephyr_rtt_mutex_unlock
 .text.z_device_state_init
                0x000000000000a3e0       0x18 zephyr/kernel/libkernel.a(device.c.obj)
                0x000000000000a3e0                z_device_state_init
 .text.reason_to_str
                0x000000000000a3f8       0x40 zephyr/kernel/libkernel.a(fatal.c.obj)
 .text.thread_name_get
                0x000000000000a438       0x20 zephyr/kernel/libkernel.a(fatal.c.obj)
 .text.z_fatal_error
                0x000000000000a458      0x224 zephyr/kernel/libkernel.a(fatal.c.obj)
                0x000000000000a458                z_fatal_error
 .text.z_sys_init_run_level
                0x000000000000a67c       0x54 zephyr/kernel/libkernel.a(init.c.obj)
 .text.init_idle_thread
                0x000000000000a6d0       0x60 zephyr/kernel/libkernel.a(init.c.obj)
 .text.bg_thread_main
                0x000000000000a730       0x34 zephyr/kernel/libkernel.a(init.c.obj)
 .text.switch_to_main_thread
                0x000000000000a764       0x14 zephyr/kernel/libkernel.a(init.c.obj)
 .text.z_bss_zero
                0x000000000000a778       0x18 zephyr/kernel/libkernel.a(init.c.obj)
                0x000000000000a778                z_bss_zero
 .text.z_init_cpu
                0x000000000000a790       0x44 zephyr/kernel/libkernel.a(init.c.obj)
                0x000000000000a790                z_init_cpu
 .text.prepare_multithreading
                0x000000000000a7d4       0x60 zephyr/kernel/libkernel.a(init.c.obj)
 .text.z_cstart
                0x000000000000a834       0x90 zephyr/kernel/libkernel.a(init.c.obj)
                0x000000000000a834                z_cstart
 .text.init_mem_slab_module
                0x000000000000a8c4       0x24 zephyr/kernel/libkernel.a(mem_slab.c.obj)
 .text.k_mem_slab_alloc
                0x000000000000a8e8       0x68 zephyr/kernel/libkernel.a(mem_slab.c.obj)
                0x000000000000a8e8                k_mem_slab_alloc
 .text.z_thread_monitor_exit
                0x000000000000a950       0x40 zephyr/kernel/libkernel.a(thread.c.obj)
                0x000000000000a950                z_thread_monitor_exit
 .text.z_impl_k_thread_name_set
                0x000000000000a990       0x24 zephyr/kernel/libkernel.a(thread.c.obj)
                0x000000000000a990                z_impl_k_thread_name_set
 .text.schedule_new_thread
                0x000000000000a9b4       0x1c zephyr/kernel/libkernel.a(thread.c.obj)
 .text.z_setup_new_thread
                0x000000000000a9d0       0xc8 zephyr/kernel/libkernel.a(thread.c.obj)
                0x000000000000a9d0                z_setup_new_thread
 .text.z_init_static_threads
                0x000000000000aa98       0x94 zephyr/kernel/libkernel.a(thread.c.obj)
                0x000000000000aa98                z_init_static_threads
 .text.idle     0x000000000000ab2c       0x3c zephyr/kernel/libkernel.a(idle.c.obj)
                0x000000000000ab2c                idle
 .text.z_impl_k_mutex_lock
                0x000000000000ab68      0x108 zephyr/kernel/libkernel.a(mutex.c.obj)
                0x000000000000ab68                z_impl_k_mutex_lock
 .text.z_impl_k_mutex_unlock
                0x000000000000ac70       0x7c zephyr/kernel/libkernel.a(mutex.c.obj)
                0x000000000000ac70                z_impl_k_mutex_unlock
 .text.z_impl_k_queue_get
                0x000000000000acec       0x7c zephyr/kernel/libkernel.a(queue.c.obj)
                0x000000000000acec                z_impl_k_queue_get
 .text.z_impl_k_sem_give
                0x000000000000ad68       0x48 zephyr/kernel/libkernel.a(sem.c.obj)
                0x000000000000ad68                z_impl_k_sem_give
 .text.z_impl_k_sem_take
                0x000000000000adb0       0x50 zephyr/kernel/libkernel.a(sem.c.obj)
                0x000000000000adb0                z_impl_k_sem_take
 .text.queue_submit_locked
                0x000000000000ae00       0x7c zephyr/kernel/libkernel.a(work.c.obj)
 .text.finalize_cancel_locked
                0x000000000000ae7c       0x60 zephyr/kernel/libkernel.a(work.c.obj)
 .text.work_queue_main
                0x000000000000aedc       0xf0 zephyr/kernel/libkernel.a(work.c.obj)
 .text.schedule_for_queue_locked
                0x000000000000afcc       0x34 zephyr/kernel/libkernel.a(work.c.obj)
 .text.k_work_queue_start
                0x000000000000b000       0x7c zephyr/kernel/libkernel.a(work.c.obj)
                0x000000000000b000                k_work_queue_start
 .text.sliceable
                0x000000000000b07c       0x4c zephyr/kernel/libkernel.a(sched.c.obj)
 .text.slice_timeout
                0x000000000000b0c8       0x20 zephyr/kernel/libkernel.a(sched.c.obj)
 .text.add_thread_timeout
                0x000000000000b0e8       0x20 zephyr/kernel/libkernel.a(sched.c.obj)
 .text.z_reset_time_slice
                0x000000000000b108       0x50 zephyr/kernel/libkernel.a(sched.c.obj)
                0x000000000000b108                z_reset_time_slice
 .text.z_reschedule
                0x000000000000b158       0x2c zephyr/kernel/libkernel.a(sched.c.obj)
                0x000000000000b158                z_reschedule
 .text.k_sched_lock
                0x000000000000b184       0x34 zephyr/kernel/libkernel.a(sched.c.obj)
                0x000000000000b184                k_sched_lock
 .text.update_cache
                0x000000000000b1b8       0x50 zephyr/kernel/libkernel.a(sched.c.obj)
 .text.move_thread_to_end_of_prio_q
                0x000000000000b208       0x8c zephyr/kernel/libkernel.a(sched.c.obj)
 .text.z_time_slice
                0x000000000000b294       0x74 zephyr/kernel/libkernel.a(sched.c.obj)
                0x000000000000b294                z_time_slice
 .text.ready_thread
                0x000000000000b308       0x78 zephyr/kernel/libkernel.a(sched.c.obj)
 .text.z_sched_start
                0x000000000000b380       0x3c zephyr/kernel/libkernel.a(sched.c.obj)
                0x000000000000b380                z_sched_start
 .text.unready_thread
                0x000000000000b3bc       0x38 zephyr/kernel/libkernel.a(sched.c.obj)
 .text.z_pend_curr
                0x000000000000b3f4       0x38 zephyr/kernel/libkernel.a(sched.c.obj)
                0x000000000000b3f4                z_pend_curr
 .text.z_set_prio
                0x000000000000b42c       0xbc zephyr/kernel/libkernel.a(sched.c.obj)
                0x000000000000b42c                z_set_prio
 .text.z_impl_k_thread_suspend
                0x000000000000b4e8       0x74 zephyr/kernel/libkernel.a(sched.c.obj)
                0x000000000000b4e8                z_impl_k_thread_suspend
 .text.k_sched_unlock
                0x000000000000b55c       0x40 zephyr/kernel/libkernel.a(sched.c.obj)
                0x000000000000b55c                k_sched_unlock
 .text.end_thread
                0x000000000000b59c       0x64 zephyr/kernel/libkernel.a(sched.c.obj)
 .text.z_sched_init
                0x000000000000b600       0x10 zephyr/kernel/libkernel.a(sched.c.obj)
                0x000000000000b600                z_sched_init
 .text.z_impl_k_yield
                0x000000000000b610       0x8c zephyr/kernel/libkernel.a(sched.c.obj)
                0x000000000000b610                z_impl_k_yield
 .text.z_tick_sleep
                0x000000000000b69c       0x98 zephyr/kernel/libkernel.a(sched.c.obj)
 .text.z_impl_k_sleep
                0x000000000000b734       0x54 zephyr/kernel/libkernel.a(sched.c.obj)
                0x000000000000b734                z_impl_k_sleep
 .text.z_impl_k_usleep
                0x000000000000b788       0x6c zephyr/kernel/libkernel.a(sched.c.obj)
                0x000000000000b788                z_impl_k_usleep
 .text.z_impl_z_current_get
                0x000000000000b7f4        0xc zephyr/kernel/libkernel.a(sched.c.obj)
                0x000000000000b7f4                z_impl_z_current_get
 .text.z_thread_abort
                0x000000000000b800       0x70 zephyr/kernel/libkernel.a(sched.c.obj)
                0x000000000000b800                z_thread_abort
 .text.z_sched_wait
                0x000000000000b870       0x28 zephyr/kernel/libkernel.a(sched.c.obj)
                0x000000000000b870                z_sched_wait
 .text.z_data_copy
                0x000000000000b898       0x34 zephyr/kernel/libkernel.a(xip.c.obj)
                0x000000000000b898                z_data_copy
 .text.first    0x000000000000b8cc       0x14 zephyr/kernel/libkernel.a(timeout.c.obj)
 .text.next     0x000000000000b8e0       0x18 zephyr/kernel/libkernel.a(timeout.c.obj)
 .text.elapsed  0x000000000000b8f8       0x18 zephyr/kernel/libkernel.a(timeout.c.obj)
 .text.z_add_timeout
                0x000000000000b910      0x100 zephyr/kernel/libkernel.a(timeout.c.obj)
                0x000000000000b910                z_add_timeout
 .text.sys_clock_announce
                0x000000000000ba10       0xc8 zephyr/kernel/libkernel.a(timeout.c.obj)
                0x000000000000ba10                sys_clock_announce
 .text.sys_clock_tick_get
                0x000000000000bad8       0x40 zephyr/kernel/libkernel.a(timeout.c.obj)
                0x000000000000bad8                sys_clock_tick_get
 .text.z_timer_expiration_handler
                0x000000000000bb18      0x100 zephyr/kernel/libkernel.a(timer.c.obj)
                0x000000000000bb18                z_timer_expiration_handler
 .text.z_impl_k_timer_start
                0x000000000000bc18       0x60 zephyr/kernel/libkernel.a(timer.c.obj)
                0x000000000000bc18                z_impl_k_timer_start
 .text.z_thread_aligned_alloc
                0x000000000000bc78       0x28 zephyr/kernel/libkernel.a(mempool.c.obj)
                0x000000000000bc78                z_thread_aligned_alloc
 .text.boot_banner
                0x000000000000bca0       0x10 zephyr/kernel/libkernel.a(banner.c.obj)
                0x000000000000bca0                boot_banner
 .text.statics_init
                0x000000000000bcb0       0x24 zephyr/kernel/libkernel.a(kheap.c.obj)
 .text.k_sys_work_q_init
                0x000000000000bcd4       0x34 zephyr/kernel/libkernel.a(system_work_q.c.obj)
 .text.uart_irq_callback_user_data_set
                0x000000000000bd08       0x1c app/libapp.a(main.c.obj)
 .text.uart_irq_tx_enable
                0x000000000000bd24        0xc app/libapp.a(main.c.obj)
 .text.uart_irq_tx_disable
                0x000000000000bd30        0xc app/libapp.a(main.c.obj)
 .text.uart_irq_rx_enable
                0x000000000000bd3c        0xc app/libapp.a(main.c.obj)
 .text.uart_irq_is_pending
                0x000000000000bd48       0x12 app/libapp.a(main.c.obj)
 .text.uart_irq_update
                0x000000000000bd5a       0x12 app/libapp.a(main.c.obj)
 .text.uart_line_ctrl_set
                0x000000000000bd6c       0x12 app/libapp.a(main.c.obj)
 .text.uart_line_ctrl_get
                0x000000000000bd7e       0x12 app/libapp.a(main.c.obj)
 .text.k_msleep
                0x000000000000bd90       0x2c app/libapp.a(main.c.obj)
 .text.cbprintf_via_va_list
                0x000000000000bdbc        0xe zephyr/libzephyr.a(cbprintf_packaged.c.obj)
 .text.is_fmt_spec
                0x000000000000bdca        0xe zephyr/libzephyr.a(cbprintf_packaged.c.obj)
 .text.get_package_len
                0x000000000000bdd8       0x2a zephyr/libzephyr.a(cbprintf_packaged.c.obj)
 .text.append_string
                0x000000000000be02       0x2e zephyr/libzephyr.a(cbprintf_packaged.c.obj)
 .text.cbpprintf_external
                0x000000000000be30       0x60 zephyr/libzephyr.a(cbprintf_packaged.c.obj)
                0x000000000000be30                cbpprintf_external
 .text.is_ptr   0x000000000000be90       0x4e zephyr/libzephyr.a(cbprintf_packaged.c.obj)
                0x000000000000be90                is_ptr
 .text.arch_printk_char_out
                0x000000000000bede        0x4 zephyr/libzephyr.a(printk.c.obj)
                0x000000000000bede                arch_printk_char_out
 .text.str_out  0x000000000000bee2       0x30 zephyr/libzephyr.a(printk.c.obj)
 .text.vprintk  0x000000000000bf12        0x8 zephyr/libzephyr.a(printk.c.obj)
                0x000000000000bf12                vprintk
 .text.printk   0x000000000000bf1a       0x1c zephyr/libzephyr.a(printk.c.obj)
                0x000000000000bf1a                printk
 .text.snprintk
                0x000000000000bf36       0x1c zephyr/libzephyr.a(printk.c.obj)
                0x000000000000bf36                snprintk
 .text.z_thread_entry
                0x000000000000bf52       0x14 zephyr/libzephyr.a(thread_entry.c.obj)
                0x000000000000bf52                z_thread_entry
 .text.chunk_mem
                0x000000000000bf66        0x8 zephyr/libzephyr.a(heap.c.obj)
 .text.free_list_remove_bidx
                0x000000000000bf6e       0x3e zephyr/libzephyr.a(heap.c.obj)
 .text.free_list_add_bidx
                0x000000000000bfac       0x4e zephyr/libzephyr.a(heap.c.obj)
 .text.split_chunks
                0x000000000000bffa       0x3a zephyr/libzephyr.a(heap.c.obj)
 .text.merge_chunks
                0x000000000000c034       0x34 zephyr/libzephyr.a(heap.c.obj)
 .text.mem_to_chunkid
                0x000000000000c068        0x8 zephyr/libzephyr.a(heap.c.obj)
 .text.free_list_remove
                0x000000000000c070       0x18 zephyr/libzephyr.a(heap.c.obj)
 .text.free_list_add
                0x000000000000c088       0x18 zephyr/libzephyr.a(heap.c.obj)
 .text.free_chunk
                0x000000000000c0a0       0x62 zephyr/libzephyr.a(heap.c.obj)
 .text.alloc_chunk
                0x000000000000c102       0x76 zephyr/libzephyr.a(heap.c.obj)
 .text.sys_heap_free
                0x000000000000c178       0x24 zephyr/libzephyr.a(heap.c.obj)
                0x000000000000c178                sys_heap_free
 .text.sys_heap_alloc
                0x000000000000c19c       0x64 zephyr/libzephyr.a(heap.c.obj)
                0x000000000000c19c                sys_heap_alloc
 .text.sys_heap_aligned_alloc
                0x000000000000c200       0xec zephyr/libzephyr.a(heap.c.obj)
                0x000000000000c200                sys_heap_aligned_alloc
 .text.sys_heap_init
                0x000000000000c2ec       0x84 zephyr/libzephyr.a(heap.c.obj)
                0x000000000000c2ec                sys_heap_init
 .text.sys_slist_remove
                0x000000000000c370       0x26 zephyr/libzephyr.a(onoff.c.obj)
 .text.sys_slist_find_and_remove
                0x000000000000c396       0x20 zephyr/libzephyr.a(onoff.c.obj)
 .text.set_state
                0x000000000000c3b6       0x10 zephyr/libzephyr.a(onoff.c.obj)
 .text.notify_monitors
                0x000000000000c3c6       0x44 zephyr/libzephyr.a(onoff.c.obj)
 .text.process_recheck
                0x000000000000c40a       0x32 zephyr/libzephyr.a(onoff.c.obj)
 .text.process_complete
                0x000000000000c43c       0xa2 zephyr/libzephyr.a(onoff.c.obj)
 .text.validate_args
                0x000000000000c4de       0x2a zephyr/libzephyr.a(onoff.c.obj)
 .text.notify_one
                0x000000000000c508       0x26 zephyr/libzephyr.a(onoff.c.obj)
 .text.notify_all
                0x000000000000c52e       0x2e zephyr/libzephyr.a(onoff.c.obj)
 .text.transition_complete
                0x000000000000c55c       0x1c zephyr/libzephyr.a(onoff.c.obj)
 .text.onoff_manager_init
                0x000000000000c578       0x3a zephyr/libzephyr.a(onoff.c.obj)
                0x000000000000c578                onoff_manager_init
 .text.onoff_request
                0x000000000000c5b2       0xc2 zephyr/libzephyr.a(onoff.c.obj)
                0x000000000000c5b2                onoff_request
 .text.onoff_release
                0x000000000000c674       0x4e zephyr/libzephyr.a(onoff.c.obj)
                0x000000000000c674                onoff_release
 .text.onoff_cancel
                0x000000000000c6c2       0x40 zephyr/libzephyr.a(onoff.c.obj)
                0x000000000000c6c2                onoff_cancel
 .text.sys_notify_validate
                0x000000000000c702       0x2e zephyr/libzephyr.a(notify.c.obj)
                0x000000000000c702                sys_notify_validate
 .text.sys_notify_finalize
                0x000000000000c730       0x1a zephyr/libzephyr.a(notify.c.obj)
                0x000000000000c730                sys_notify_finalize
 .text.extract_decimal
                0x000000000000c74a       0x26 zephyr/libzephyr.a(cbprintf_complete.c.obj)
 .text.extract_width
                0x000000000000c770       0x5e zephyr/libzephyr.a(cbprintf_complete.c.obj)
 .text.extract_prec
                0x000000000000c7ce       0x64 zephyr/libzephyr.a(cbprintf_complete.c.obj)
 .text.extract_length
                0x000000000000c832       0xce zephyr/libzephyr.a(cbprintf_complete.c.obj)
 .text.extract_specifier
                0x000000000000c900      0x122 zephyr/libzephyr.a(cbprintf_complete.c.obj)
 .text.extract_conversion
                0x000000000000ca22       0x44 zephyr/libzephyr.a(cbprintf_complete.c.obj)
 .text.conversion_radix
                0x000000000000ca66       0x2a zephyr/libzephyr.a(cbprintf_complete.c.obj)
 .text.encode_uint
                0x000000000000ca90       0xa0 zephyr/libzephyr.a(cbprintf_complete.c.obj)
 .text.store_count
                0x000000000000cb30       0x3e zephyr/libzephyr.a(cbprintf_complete.c.obj)
 .text.outs     0x000000000000cb6e       0x34 zephyr/libzephyr.a(cbprintf_complete.c.obj)
 .text.ring_buf_put_claim
                0x000000000000cba2       0x42 zephyr/libzephyr.a(ring_buffer.c.obj)
                0x000000000000cba2                ring_buf_put_claim
 .text.ring_buf_put_finish
                0x000000000000cbe4       0x3c zephyr/libzephyr.a(ring_buffer.c.obj)
                0x000000000000cbe4                ring_buf_put_finish
 .text.ring_buf_put
                0x000000000000cc20       0x40 zephyr/libzephyr.a(ring_buffer.c.obj)
                0x000000000000cc20                ring_buf_put
 .text.ring_buf_get_claim
                0x000000000000cc60       0x3a zephyr/libzephyr.a(ring_buffer.c.obj)
                0x000000000000cc60                ring_buf_get_claim
 .text.ring_buf_get_finish
                0x000000000000cc9a       0x3c zephyr/libzephyr.a(ring_buffer.c.obj)
                0x000000000000cc9a                ring_buf_get_finish
 .text.ring_buf_get
                0x000000000000ccd6       0x46 zephyr/libzephyr.a(ring_buffer.c.obj)
                0x000000000000ccd6                ring_buf_get
 .text.free_space
                0x000000000000cd1c       0x28 zephyr/libzephyr.a(mpsc_pbuf.c.obj)
 .text.available
                0x000000000000cd44       0x24 zephyr/libzephyr.a(mpsc_pbuf.c.obj)
 .text.get_usage
                0x000000000000cd68       0x24 zephyr/libzephyr.a(mpsc_pbuf.c.obj)
 .text.max_utilization_update
                0x000000000000cd8c       0x26 zephyr/libzephyr.a(mpsc_pbuf.c.obj)
 .text.rd_idx_inc
                0x000000000000cdb2       0x26 zephyr/libzephyr.a(mpsc_pbuf.c.obj)
 .text.add_skip_item
                0x000000000000cdd8       0x66 zephyr/libzephyr.a(mpsc_pbuf.c.obj)
 .text.drop_item_locked
                0x000000000000ce3e      0x12a zephyr/libzephyr.a(mpsc_pbuf.c.obj)
 .text.post_drop_action
                0x000000000000cf68       0x62 zephyr/libzephyr.a(mpsc_pbuf.c.obj)
 .text.mpsc_pbuf_init
                0x000000000000cfca       0x42 zephyr/libzephyr.a(mpsc_pbuf.c.obj)
                0x000000000000cfca                mpsc_pbuf_init
 .text.mpsc_pbuf_alloc
                0x000000000000d00c      0x134 zephyr/libzephyr.a(mpsc_pbuf.c.obj)
                0x000000000000d00c                mpsc_pbuf_alloc
 .text.mpsc_pbuf_commit
                0x000000000000d140       0x52 zephyr/libzephyr.a(mpsc_pbuf.c.obj)
                0x000000000000d140                mpsc_pbuf_commit
 .text.mpsc_pbuf_claim
                0x000000000000d192       0xd2 zephyr/libzephyr.a(mpsc_pbuf.c.obj)
                0x000000000000d192                mpsc_pbuf_claim
 .text.mpsc_pbuf_free
                0x000000000000d264       0x8a zephyr/libzephyr.a(mpsc_pbuf.c.obj)
                0x000000000000d264                mpsc_pbuf_free
 .text.mpsc_pbuf_is_pending
                0x000000000000d2ee       0x18 zephyr/libzephyr.a(mpsc_pbuf.c.obj)
                0x000000000000d2ee                mpsc_pbuf_is_pending
 .text._ConfigAbsSyms
                0x000000000000d306        0x2 zephyr/libzephyr.a(configs.c.obj)
                0x000000000000d306                _ConfigAbsSyms
 .text.log_msg_generic_get_wlen
                0x000000000000d308       0x20 zephyr/libzephyr.a(log_core.c.obj)
 .text.dummy_timestamp
                0x000000000000d328        0x4 zephyr/libzephyr.a(log_core.c.obj)
 .text.msg_filter_check
                0x000000000000d32c        0x4 zephyr/libzephyr.a(log_core.c.obj)
 .text.default_get_timestamp
                0x000000000000d330        0x8 zephyr/libzephyr.a(log_core.c.obj)
 .text.k_msleep
                0x000000000000d338       0x2c zephyr/libzephyr.a(log_core.c.obj)
 .text.msg_alloc
                0x000000000000d364        0xc zephyr/libzephyr.a(log_core.c.obj)
 .text.msg_free
                0x000000000000d370        0x8 zephyr/libzephyr.a(log_core.c.obj)
 .text.msg_pending
                0x000000000000d378        0x8 zephyr/libzephyr.a(log_core.c.obj)
 .text.z_log_vprintk
                0x000000000000d380       0x1e zephyr/libzephyr.a(log_core.c.obj)
                0x000000000000d380                z_log_vprintk
 .text.z_log_notify_drop
                0x000000000000d39e        0xa zephyr/libzephyr.a(log_core.c.obj)
 .text.z_log_msg_claim
                0x000000000000d3a8        0x8 zephyr/libzephyr.a(log_core.c.obj)
                0x000000000000d3a8                z_log_msg_claim
 .text.msg_commit
                0x000000000000d3b0        0xc zephyr/libzephyr.a(log_core.c.obj)
 .text.z_log_get_tag
                0x000000000000d3bc        0x4 zephyr/libzephyr.a(log_core.c.obj)
                0x000000000000d3bc                z_log_get_tag
 .text.z_cbprintf_cpy
                0x000000000000d3c0       0x2c zephyr/libzephyr.a(log_msg.c.obj)
 .text.z_log_msg_finalize
                0x000000000000d3ec       0x2e zephyr/libzephyr.a(log_msg.c.obj)
                0x000000000000d3ec                z_log_msg_finalize
 .text.z_log_msg_static_create
                0x000000000000d41a        0x8 zephyr/libzephyr.a(log_msg.c.obj)
 .text.z_impl_z_log_msg_runtime_vcreate
                0x000000000000d422       0x84 zephyr/libzephyr.a(log_msg.c.obj)
                0x000000000000d422                z_impl_z_log_msg_runtime_vcreate
 .text.buffer_write
                0x000000000000d4a6       0x1a zephyr/libzephyr.a(log_output.c.obj)
 .text.cbvprintf
                0x000000000000d4c0       0x10 zephyr/libzephyr.a(log_output.c.obj)
 .text.color_prefix
                0x000000000000d4d0        0xc zephyr/libzephyr.a(log_output.c.obj)
 .text.color_postfix
                0x000000000000d4dc        0xc zephyr/libzephyr.a(log_output.c.obj)
 .text.postfix_print
                0x000000000000d4e8       0x18 zephyr/libzephyr.a(log_output.c.obj)
 .text.log_msg_hexdump
                0x000000000000d500       0x36 zephyr/libzephyr.a(log_output.c.obj)
 .text.log_output_flush
                0x000000000000d536       0x1a zephyr/libzephyr.a(log_output.c.obj)
                0x000000000000d536                log_output_flush
 .text.out_func
                0x000000000000d550       0x38 zephyr/libzephyr.a(log_output.c.obj)
 .text.cr_out_func
                0x000000000000d588       0x1e zephyr/libzephyr.a(log_output.c.obj)
 .text.k_msleep
                0x000000000000d5a6       0x2c zephyr/libzephyr.a(log_backend_rtt.c.obj)
 .text.log_backend_uart_init
                0x000000000000d5d2        0x2 zephyr/libzephyr.a(log_backend_uart.c.obj)
 .text.atomic_test_and_clear_bit
                0x000000000000d5d4       0x38 zephyr/libzephyr.a(pm.c.obj)
 .text.atomic_set_bit
                0x000000000000d60c       0x26 zephyr/libzephyr.a(pm.c.obj)
 .text.pm_policy_state_lock_is_active
                0x000000000000d632        0x4 zephyr/libzephyr.a(policy.c.obj)
                0x000000000000d632                pm_policy_state_lock_is_active
 .text.usb_vbus_set
                0x000000000000d636        0x4 zephyr/libzephyr.a(usb_device.c.obj)
 .text.reset_endpoint
                0x000000000000d63a       0x2a zephyr/libzephyr.a(usb_device.c.obj)
 .text.usb_eps_reconfigure
                0x000000000000d664       0x12 zephyr/libzephyr.a(usb_device.c.obj)
 .text.usb_handle_std_interface_req
                0x000000000000d676       0x5a zephyr/libzephyr.a(usb_device.c.obj)
 .text.usb_get_status_endpoint
                0x000000000000d6d0       0x36 zephyr/libzephyr.a(usb_device.c.obj)
 .text.usb_handle_std_endpoint_req
                0x000000000000d706       0x46 zephyr/libzephyr.a(usb_device.c.obj)
 .text.usb_write
                0x000000000000d74c       0x36 zephyr/libzephyr.a(usb_device.c.obj)
                0x000000000000d74c                usb_write
 .text.ascii7_to_utf16le
                0x000000000000d782       0x24 zephyr/libzephyr.a(usb_descriptor.c.obj)
 .text.usb_validate_ep_cfg_data
                0x000000000000d7a6       0xc2 zephyr/libzephyr.a(usb_descriptor.c.obj)
 .text.usb_get_dev_data_by_cfg
                0x000000000000d868       0x24 zephyr/libzephyr.a(usb_descriptor.c.obj)
                0x000000000000d868                usb_get_dev_data_by_cfg
 .text.usb_get_dev_data_by_iface
                0x000000000000d88c       0x28 zephyr/libzephyr.a(usb_descriptor.c.obj)
                0x000000000000d88c                usb_get_dev_data_by_iface
 .text.usb_get_dev_data_by_ep
                0x000000000000d8b4       0x38 zephyr/libzephyr.a(usb_descriptor.c.obj)
                0x000000000000d8b4                usb_get_dev_data_by_ep
 .text.usb_transfer_is_busy
                0x000000000000d8ec       0x1c zephyr/libzephyr.a(usb_transfer.c.obj)
                0x000000000000d8ec                usb_transfer_is_busy
 .text.cdc_interface_config
                0x000000000000d908       0x14 zephyr/libzephyr.a(cdc_acm.c.obj)
 .text.cdc_acm_irq_callback_work_handler
                0x000000000000d91c       0x12 zephyr/libzephyr.a(cdc_acm.c.obj)
 .text.cdc_acm_irq_tx_disable
                0x000000000000d92e        0xa zephyr/libzephyr.a(cdc_acm.c.obj)
 .text.cdc_acm_irq_tx_ready
                0x000000000000d938       0x1a zephyr/libzephyr.a(cdc_acm.c.obj)
 .text.cdc_acm_irq_rx_disable
                0x000000000000d952        0xa zephyr/libzephyr.a(cdc_acm.c.obj)
 .text.cdc_acm_irq_rx_ready
                0x000000000000d95c       0x10 zephyr/libzephyr.a(cdc_acm.c.obj)
 .text.cdc_acm_irq_is_pending
                0x000000000000d96c       0x2a zephyr/libzephyr.a(cdc_acm.c.obj)
 .text.cdc_acm_irq_update
                0x000000000000d996        0x4 zephyr/libzephyr.a(cdc_acm.c.obj)
 .text.cdc_acm_irq_callback_set
                0x000000000000d99a        0x8 zephyr/libzephyr.a(cdc_acm.c.obj)
 .text.cdc_acm_baudrate_set
                0x000000000000d9a2        0x8 zephyr/libzephyr.a(cdc_acm.c.obj)
 .text.cdc_acm_line_ctrl_get
                0x000000000000d9aa       0x3a zephyr/libzephyr.a(cdc_acm.c.obj)
 .text.cdc_acm_configure
                0x000000000000d9e4        0x4 zephyr/libzephyr.a(cdc_acm.c.obj)
 .text.cdc_acm_config_get
                0x000000000000d9e8       0x7c zephyr/libzephyr.a(cdc_acm.c.obj)
 .text.cdc_acm_line_ctrl_set
                0x000000000000da64      0x162 zephyr/libzephyr.a(cdc_acm.c.obj)
 .text.cdc_acm_fifo_read
                0x000000000000dbc6       0x58 zephyr/libzephyr.a(cdc_acm.c.obj)
 .text.cdc_acm_poll_in
                0x000000000000dc1e       0x16 zephyr/libzephyr.a(cdc_acm.c.obj)
 .text.z_arm_fatal_error
                0x000000000000dc34       0x18 zephyr/arch/arch/arm/core/aarch32/libarch__arm__core__aarch32.a(fatal.c.obj)
                0x000000000000dc34                z_arm_fatal_error
 .text.z_do_kernel_oops
                0x000000000000dc4c        0xc zephyr/arch/arch/arm/core/aarch32/libarch__arm__core__aarch32.a(fatal.c.obj)
                0x000000000000dc4c                z_do_kernel_oops
 .text.arch_irq_enable
                0x000000000000dc58        0xa zephyr/arch/arch/arm/core/aarch32/libarch__arm__core__aarch32.a(irq_manage.c.obj)
                0x000000000000dc58                arch_irq_enable
 .text.arch_irq_disable
                0x000000000000dc62        0xa zephyr/arch/arch/arm/core/aarch32/libarch__arm__core__aarch32.a(irq_manage.c.obj)
                0x000000000000dc62                arch_irq_disable
 .text.z_arm_irq_priority_set
                0x000000000000dc6c        0xc zephyr/arch/arch/arm/core/aarch32/libarch__arm__core__aarch32.a(irq_manage.c.obj)
                0x000000000000dc6c                z_arm_irq_priority_set
 .text.z_irq_spurious
                0x000000000000dc78        0xc zephyr/arch/arch/arm/core/aarch32/libarch__arm__core__aarch32.a(irq_manage.c.obj)
                0x000000000000dc78                z_irq_spurious
 .text.z_arm_nmi
                0x000000000000dc84        0xc zephyr/arch/arch/arm/core/aarch32/libarch__arm__core__aarch32.a(nmi.c.obj)
                0x000000000000dc84                z_arm_nmi
 .text.memory_fault_recoverable
                0x000000000000dc90        0x4 zephyr/arch/arch/arm/core/aarch32/cortex_m/libarch__arm__core__aarch32__cortex_m.a(fault.c.obj)
 .text.fault_handle
                0x000000000000dc94       0x4a zephyr/arch/arch/arm/core/aarch32/cortex_m/libarch__arm__core__aarch32__cortex_m.a(fault.c.obj)
 .text.mpu_partition_is_valid
                0x000000000000dcde       0x22 zephyr/arch/arch/arm/core/aarch32/mpu/libarch__arm__core__aarch32__mpu.a(arm_mpu.c.obj)
 .text.mpu_configure_region
                0x000000000000dd00       0x3e zephyr/arch/arch/arm/core/aarch32/mpu/libarch__arm__core__aarch32__mpu.a(arm_mpu.c.obj)
 .text.arm_core_mpu_configure_static_mpu_regions
                0x000000000000dd3e        0x8 zephyr/arch/arch/arm/core/aarch32/mpu/libarch__arm__core__aarch32__mpu.a(arm_mpu.c.obj)
                0x000000000000dd3e                arm_core_mpu_configure_static_mpu_regions
 .text.arm_core_mpu_configure_dynamic_mpu_regions
                0x000000000000dd46        0x8 zephyr/arch/arch/arm/core/aarch32/mpu/libarch__arm__core__aarch32__mpu.a(arm_mpu.c.obj)
                0x000000000000dd46                arm_core_mpu_configure_dynamic_mpu_regions
 .text.strcpy   0x000000000000dd4e       0x14 zephyr/lib/libc/minimal/liblib__libc__minimal.a(string.c.obj)
                0x000000000000dd4e                strcpy
 .text.strncpy  0x000000000000dd62       0x34 zephyr/lib/libc/minimal/liblib__libc__minimal.a(string.c.obj)
                0x000000000000dd62                strncpy
 .text.strlen   0x000000000000dd96       0x12 zephyr/lib/libc/minimal/liblib__libc__minimal.a(string.c.obj)
                0x000000000000dd96                strlen
 .text.strnlen  0x000000000000dda8       0x14 zephyr/lib/libc/minimal/liblib__libc__minimal.a(string.c.obj)
                0x000000000000dda8                strnlen
 .text.memcpy   0x000000000000ddbc       0x5e zephyr/lib/libc/minimal/liblib__libc__minimal.a(string.c.obj)
                0x000000000000ddbc                memcpy
 .text.memset   0x000000000000de1a       0x3c zephyr/lib/libc/minimal/liblib__libc__minimal.a(string.c.obj)
                0x000000000000de1a                memset
 .text._stdout_hook_default
                0x000000000000de56        0x6 zephyr/lib/libc/minimal/liblib__libc__minimal.a(stdout_console.c.obj)
 .text.sys_arch_reboot
                0x000000000000de5c       0x10 zephyr/soc/arm/nordic_nrf/nrf52/libsoc__arm__nordic_nrf__nrf52.a(soc.c.obj)
                0x000000000000de5c                sys_arch_reboot
 .text.nrf_power_system_off
                0x000000000000de6c        0xe zephyr/soc/arm/nordic_nrf/nrf52/libsoc__arm__nordic_nrf__nrf52.a(power.c.obj)
 .text.pm_state_set
                0x000000000000de7a       0x10 zephyr/soc/arm/nordic_nrf/nrf52/libsoc__arm__nordic_nrf__nrf52.a(power.c.obj)
                0x000000000000de7a                pm_state_set
 .text.pm_state_exit_post_ops
                0x000000000000de8a        0xc zephyr/soc/arm/nordic_nrf/nrf52/libsoc__arm__nordic_nrf__nrf52.a(power.c.obj)
                0x000000000000de8a                pm_state_exit_post_ops
 .text.nrf_usbd_ep_amount_get